<html>
<body>
<pre>
<h1>µVision Build Log</h1>
<h2>Tool Versions:</h2>
IDE-Version: µVision V5.25.2.0
Copyright (C) 2018 ARM Ltd and ARM Germany GmbH. All rights reserved.
License Information: Phuvit Kittisapkajon, Rochester Institute of Technology, LIC=----
 
Tool Versions:
Toolchain:       MDK-Lite  Version: 5.25.2.0
Toolchain Path:  C:\Keil_v5\ARM\ARMCC\Bin
C Compiler:      Armcc.exe V5.06 update 6 (build 750)
Assembler:       Armasm.exe V5.06 update 6 (build 750)
Linker/Locator:  ArmLink.exe V5.06 update 6 (build 750)
Library Manager: ArmAr.exe V5.06 update 6 (build 750)
Hex Converter:   FromElf.exe V5.06 update 6 (build 750)
CPU DLL:         SARMCM3.DLL V5.25.2.0
Dialog DLL:      DCM.DLL V1.17.1.0
Target DLL:      CMSIS_AGDI.dll V1.29.10.0
Dialog DLL:      TCM.DLL V1.35.1.0
 
<h2>Project:</h2>
D:\IDE\NXP Car Project\NXP_Car_Project.uvprojx
Project File Date:  12/06/2018

<h2>Output:</h2>
*** Using Compiler 'V5.06 update 6 (build 750)', folder: 'C:\Keil_v5\ARM\ARMCC\Bin'
Rebuild target 'Target 1'
assembling startup_MK64F12.s...
compiling main.c...
main.c(10): warning:  #1295-D: Deprecated declaration drivev2 - give arg types
  void drivev2();
main.c(121): warning:  #1035-D: single-precision operand implicitly converted to double-precision
  		servo = stright+(0.9)*stright*(2*current_center-middle_center)/middle_center;
main.c(132): warning:  #1035-D: single-precision operand implicitly converted to double-precision
  		servo = stright-(0.80)*stright*((middle_center-current_center)/middle_center);
main.c(142): warning:  #1035-D: single-precision operand implicitly converted to double-precision
  	if (servo < 7.05 || servo > 8.625) {
main.c(142): warning:  #1035-D: single-precision operand implicitly converted to double-precision
  	if (servo < 7.05 || servo > 8.625) {
main.c(160): warning:  #1035-D: single-precision operand implicitly converted to double-precision
  	} else if (servo <7.4575 || servo > 8.24) {
main.c(160): warning:  #1035-D: single-precision operand implicitly converted to double-precision
  	} else if (servo <7.4575 || servo > 8.24) {
main.c(23): warning:  #550-D: variable "error_n2"  was set but never used
  static float error_n2=0.0;
main.c: 8 warnings, 0 errors
compiling isrInit.c...
compiling camera_FTM.c...
main.h(7): warning:  #1-D: last line of file ends without a newline
  extern int stop;
camera_FTM.c: 1 warning, 0 errors
compiling isr.c...
main.h(7): warning:  #1-D: last line of file ends without a newline
  extern int stop;
isr.c: 1 warning, 0 errors
compiling uart.c...
compiling pwm.c...
compiling system_MK64F12.c...
linking...
Program Size: Code=9244 RO-data=1056 RW-data=320 ZI-data=3424  
".\Objects\NXP_Car_Project.axf" - 0 Error(s), 10 Warning(s).

<h2>Software Packages used:</h2>

Package Vendor: ARM
                http://www.keil.com/pack/ARM.CMSIS.5.4.0.pack
                ARM.CMSIS.5.4.0
                CMSIS (Cortex Microcontroller Software Interface Standard)
   * Component: CORE Version: 5.1.2

Package Vendor: Keil
                http://www.keil.com/pack/Keil.Kinetis_K60_DFP.1.5.0.pack
                Keil.Kinetis_K60_DFP.1.5.0
                NXP Kinetis K60 Series Device Support and Examples
   * Component: Startup Version: 1.0.0

<h2>Collection of Component include folders:</h2>
  .\RTE\_Target_1
  C:\Keil_v5\ARM\PACK\ARM\CMSIS\5.4.0\CMSIS\Core\Include
  C:\Keil_v5\ARM\PACK\Keil\Kinetis_K60_DFP\1.5.0\Device\Include

<h2>Collection of Component Files used:</h2>

   * Component: ARM::CMSIS:CORE:5.1.2

   * Component: Keil::Device:Startup:1.0.0
      Source file:   Device\Source\ARM\startup_MK64F12.s
      Source file:   Device\Source\system_MK64F12.c
Build Time Elapsed:  00:00:07
</pre>
</body>
</html>
