Component: ARM Compiler 5.06 update 6 (build 750) Tool: armlink [4d35ed]

==============================================================================

Section Cross References

    camera_ftm.o(i.ADC0_IRQHandler) refers to camera_ftm.o(.data) for ADC0VAL
    camera_ftm.o(i.FTM2_IRQHandler) refers to camera_ftm.o(.data) for clkval
    camera_ftm.o(i.FTM2_IRQHandler) refers to camera_ftm.o(.bss) for line
    camera_ftm.o(i.PIT0_IRQHandler) refers to camera_ftm.o(.data) for debugcamdata
    camera_ftm.o(i.findEdge) refers to dflt_clz.o(x$fpl$dfltu) for __aeabi_ui2d
    camera_ftm.o(i.findEdge) refers to dmul.o(x$fpl$dmul) for __aeabi_dmul
    camera_ftm.o(i.findEdge) refers to daddsub_clz.o(x$fpl$dadd) for __aeabi_dadd
    camera_ftm.o(i.findEdge) refers to camera_ftm.o(.bss) for line
    camera_ftm.o(i.findEdge) refers to daddsub_clz.o(x$fpl$dsub) for __aeabi_dsub
    camera_ftm.o(i.findEdge) refers to ddiv.o(x$fpl$ddiv) for __aeabi_ddiv
    camera_ftm.o(i.findEdge) refers to dleqf.o(x$fpl$dleqf) for __aeabi_cdcmple
    camera_ftm.o(i.findEdge) refers to drleqf.o(x$fpl$drleqf) for __aeabi_cdrcmple
    camera_ftm.o(i.findEdge) refers to camera_ftm.o(.data) for average
    camera_ftm.o(i.findEdge) refers to main.o(.data) for stop
    camera_ftm.o(i.init_ADC0) refers to camera_ftm.o(i.__NVIC_EnableIRQ) for __NVIC_EnableIRQ
    camera_ftm.o(i.init_FTM2) refers to camera_ftm.o(i.__NVIC_EnableIRQ) for __NVIC_EnableIRQ
    camera_ftm.o(i.init_PIT) refers to camera_ftm.o(i.__NVIC_EnableIRQ) for __NVIC_EnableIRQ
    camera_ftm.o(i.init_camera) refers to uart.o(i.uart_init) for uart_init
    camera_ftm.o(i.init_camera) refers to camera_ftm.o(i.init_GPIO) for init_GPIO
    camera_ftm.o(i.init_camera) refers to camera_ftm.o(i.init_FTM2) for init_FTM2
    camera_ftm.o(i.init_camera) refers to camera_ftm.o(i.init_ADC0) for init_ADC0
    camera_ftm.o(i.init_camera) refers to camera_ftm.o(i.init_PIT) for init_PIT
    isr.o(i.PDB0_IRQHandler) refers to isr.o(.data) for timer
    isr.o(i.PDB0_IRQHandler) refers to main.o(.data) for status
    isr.o(i.PORTC_IRQHandler) refers to isr.o(.data) for timer
    pwm.o(i.SetServoDutyCycle) refers to dmul.o(x$fpl$dmul) for __aeabi_dmul
    pwm.o(i.SetServoDutyCycle) refers to ddiv.o(x$fpl$ddiv) for __aeabi_ddiv
    pwm.o(i.SetServoDutyCycle) refers to dfixu.o(x$fpl$dfixu) for __aeabi_d2uiz
    uart.o(i.uart_put) refers to uart.o(i.uart_putchar) for uart_putchar
    main.o(i.drivev2) refers to camera_ftm.o(i.findEdge) for findEdge
    main.o(i.drivev2) refers to dflt_clz.o(x$fpl$dflt) for __aeabi_i2d
    main.o(i.drivev2) refers to ddiv.o(x$fpl$ddiv) for __aeabi_ddiv
    main.o(i.drivev2) refers to d2f.o(x$fpl$d2f) for __aeabi_d2f
    main.o(i.drivev2) refers to f2d.o(x$fpl$f2d) for __aeabi_f2d
    main.o(i.drivev2) refers to fabs.o(i.__hardfp_fabs) for __hardfp_fabs
    main.o(i.drivev2) refers to dleqf.o(x$fpl$dleqf) for __aeabi_cdcmple
    main.o(i.drivev2) refers to dmul.o(x$fpl$dmul) for __aeabi_dmul
    main.o(i.drivev2) refers to daddsub_clz.o(x$fpl$dadd) for __aeabi_dadd
    main.o(i.drivev2) refers to daddsub_clz.o(x$fpl$dsub) for __aeabi_dsub
    main.o(i.drivev2) refers to pwm.o(i.SetServoDutyCycle) for SetServoDutyCycle
    main.o(i.drivev2) refers to drleqf.o(x$fpl$drleqf) for __aeabi_cdrcmple
    main.o(i.drivev2) refers to pwm.o(i.SetDutyCycle) for SetDutyCycle
    main.o(i.drivev2) refers to main.o(.data) for currentPos
    main.o(i.initialize) refers to uart.o(i.uart_init) for uart_init
    main.o(i.initialize) refers to pwm.o(i.InitPWM) for InitPWM
    main.o(i.initialize) refers to camera_ftm.o(i.init_camera) for init_camera
    main.o(i.initialize) refers to isrinit.o(i.initISR) for initISR
    main.o(i.main) refers to main.o(i.initialize) for initialize
    main.o(i.main) refers to pwm.o(i.SetDutyCycle) for SetDutyCycle
    main.o(i.main) refers to f2d.o(x$fpl$f2d) for __aeabi_f2d
    main.o(i.main) refers to pwm.o(i.SetServoDutyCycle) for SetServoDutyCycle
    main.o(i.main) refers to main.o(i.drivev2) for drivev2
    main.o(i.main) refers to main.o(.data) for stright
    isrinit.o(i.initISR) refers to isrinit.o(i.initPDB) for initPDB
    isrinit.o(i.initISR) refers to isrinit.o(i.initGPIO) for initGPIO
    isrinit.o(i.initISR) refers to uart.o(i.uart_init) for uart_init
    isrinit.o(i.initISR) refers to isrinit.o(i.initInterrupts) for initInterrupts
    isrinit.o(i.initInterrupts) refers to isrinit.o(i.__NVIC_EnableIRQ) for __NVIC_EnableIRQ
    startup_mk64f12.o(STACK) refers (Special) to heapauxi.o(.text) for __use_two_region_memory
    startup_mk64f12.o(HEAP) refers (Special) to heapauxi.o(.text) for __use_two_region_memory
    startup_mk64f12.o(RESET) refers (Special) to heapauxi.o(.text) for __use_two_region_memory
    startup_mk64f12.o(RESET) refers to startup_mk64f12.o(STACK) for __initial_sp
    startup_mk64f12.o(RESET) refers to startup_mk64f12.o(.text) for Reset_Handler
    startup_mk64f12.o(RESET) refers to camera_ftm.o(i.ADC0_IRQHandler) for ADC0_IRQHandler
    startup_mk64f12.o(RESET) refers to camera_ftm.o(i.FTM2_IRQHandler) for FTM2_IRQHandler
    startup_mk64f12.o(RESET) refers to camera_ftm.o(i.PIT0_IRQHandler) for PIT0_IRQHandler
    startup_mk64f12.o(RESET) refers to isr.o(i.PDB0_IRQHandler) for PDB0_IRQHandler
    startup_mk64f12.o(RESET) refers to isr.o(i.PORTC_IRQHandler) for PORTC_IRQHandler
    startup_mk64f12.o(.ARM.__at_0x400) refers (Special) to heapauxi.o(.text) for __use_two_region_memory
    startup_mk64f12.o(.text) refers (Special) to heapauxi.o(.text) for __use_two_region_memory
    startup_mk64f12.o(.text) refers to system_mk64f12.o(i.SystemInit) for SystemInit
    startup_mk64f12.o(.text) refers to __main.o(!!!main) for __main
    startup_mk64f12.o(.text) refers to startup_mk64f12.o(HEAP) for Heap_Mem
    startup_mk64f12.o(.text) refers to startup_mk64f12.o(STACK) for Stack_Mem
    system_mk64f12.o(i.SystemCoreClockUpdate) refers to system_mk64f12.o(.data) for SystemCoreClock
    __main.o(!!!main) refers to __rtentry.o(.ARM.Collect$$rtentry$$00000000) for __rt_entry
    d2f.o(x$fpl$d2f) refers (Special) to usenofp.o(x$fpl$usenofp) for __I$use$fp
    d2f.o(x$fpl$d2f) refers to fretinf.o(x$fpl$fretinf) for __fpl_fretinf
    d2f.o(x$fpl$d2f) refers to dnaninf.o(x$fpl$dnaninf) for __fpl_dnaninf
    daddsub_clz.o(x$fpl$dadd) refers (Special) to usenofp.o(x$fpl$usenofp) for __I$use$fp
    daddsub_clz.o(x$fpl$dadd) refers to daddsub_clz.o(x$fpl$dsub) for _dsub1
    daddsub_clz.o(x$fpl$dadd) refers to dretinf.o(x$fpl$dretinf) for __fpl_dretinf
    daddsub_clz.o(x$fpl$dadd) refers to dnaninf.o(x$fpl$dnaninf) for __fpl_dnaninf
    daddsub_clz.o(x$fpl$drsb) refers (Special) to usenofp.o(x$fpl$usenofp) for __I$use$fp
    daddsub_clz.o(x$fpl$drsb) refers to daddsub_clz.o(x$fpl$dadd) for _dadd1
    daddsub_clz.o(x$fpl$drsb) refers to daddsub_clz.o(x$fpl$dsub) for _dsub1
    daddsub_clz.o(x$fpl$dsub) refers (Special) to usenofp.o(x$fpl$usenofp) for __I$use$fp
    daddsub_clz.o(x$fpl$dsub) refers to daddsub_clz.o(x$fpl$dadd) for _dadd1
    daddsub_clz.o(x$fpl$dsub) refers to dnaninf.o(x$fpl$dnaninf) for __fpl_dnaninf
    ddiv.o(x$fpl$drdiv) refers (Special) to usenofp.o(x$fpl$usenofp) for __I$use$fp
    ddiv.o(x$fpl$drdiv) refers to ddiv.o(x$fpl$ddiv) for ddiv_entry
    ddiv.o(x$fpl$ddiv) refers (Special) to usenofp.o(x$fpl$usenofp) for __I$use$fp
    ddiv.o(x$fpl$ddiv) refers to dretinf.o(x$fpl$dretinf) for __fpl_dretinf
    ddiv.o(x$fpl$ddiv) refers to dnaninf.o(x$fpl$dnaninf) for __fpl_dnaninf
    dfixu.o(x$fpl$dfixu) refers (Special) to usenofp.o(x$fpl$usenofp) for __I$use$fp
    dfixu.o(x$fpl$dfixu) refers to dnaninf.o(x$fpl$dnaninf) for __fpl_dnaninf
    dfixu.o(x$fpl$dfixur) refers (Special) to usenofp.o(x$fpl$usenofp) for __I$use$fp
    dfixu.o(x$fpl$dfixur) refers to dnaninf.o(x$fpl$dnaninf) for __fpl_dnaninf
    dflt_clz.o(x$fpl$dfltu) refers (Special) to usenofp.o(x$fpl$usenofp) for __I$use$fp
    dflt_clz.o(x$fpl$dflt) refers (Special) to usenofp.o(x$fpl$usenofp) for __I$use$fp
    dflt_clz.o(x$fpl$dfltn) refers (Special) to usenofp.o(x$fpl$usenofp) for __I$use$fp
    dleqf.o(x$fpl$dleqf) refers (Special) to usenofp.o(x$fpl$usenofp) for __I$use$fp
    dleqf.o(x$fpl$dleqf) refers to dnaninf.o(x$fpl$dnaninf) for __fpl_dnaninf
    dleqf.o(x$fpl$dleqf) refers to dcmpi.o(x$fpl$dcmpinf) for __fpl_dcmp_Inf
    dmul.o(x$fpl$dmul) refers (Special) to usenofp.o(x$fpl$usenofp) for __I$use$fp
    dmul.o(x$fpl$dmul) refers to dretinf.o(x$fpl$dretinf) for __fpl_dretinf
    dmul.o(x$fpl$dmul) refers to dnaninf.o(x$fpl$dnaninf) for __fpl_dnaninf
    drleqf.o(x$fpl$drleqf) refers (Special) to usenofp.o(x$fpl$usenofp) for __I$use$fp
    drleqf.o(x$fpl$drleqf) refers to dleqf.o(x$fpl$dleqf) for __fpl_dcmple_InfNaN
    f2d.o(x$fpl$f2d) refers (Special) to usenofp.o(x$fpl$usenofp) for __I$use$fp
    f2d.o(x$fpl$f2d) refers to fnaninf.o(x$fpl$fnaninf) for __fpl_fnaninf
    f2d.o(x$fpl$f2d) refers to dretinf.o(x$fpl$dretinf) for __fpl_dretinf
    fabs.o(i.__hardfp_fabs) refers (Special) to usenofp.o(x$fpl$usenofp) for __I$use$fp
    fabs.o(i.__softfp_fabs) refers (Special) to usenofp.o(x$fpl$usenofp) for __I$use$fp
    fabs.o(i.fabs) refers (Special) to usenofp.o(x$fpl$usenofp) for __I$use$fp
    __rtentry.o(.ARM.Collect$$rtentry$$00000000) refers (Special) to __rtentry2.o(.ARM.Collect$$rtentry$$0000000A) for __rt_entry_li
    __rtentry.o(.ARM.Collect$$rtentry$$00000000) refers (Special) to __rtentry2.o(.ARM.Collect$$rtentry$$0000000D) for __rt_entry_main
    __rtentry.o(.ARM.Collect$$rtentry$$00000000) refers (Special) to __rtentry2.o(.ARM.Collect$$rtentry$$0000000C) for __rt_entry_postli_1
    __rtentry.o(.ARM.Collect$$rtentry$$00000000) refers (Special) to __rtentry2.o(.ARM.Collect$$rtentry$$00000009) for __rt_entry_postsh_1
    __rtentry.o(.ARM.Collect$$rtentry$$00000000) refers (Special) to __rtentry2.o(.ARM.Collect$$rtentry$$00000002) for __rt_entry_presh_1
    __rtentry.o(.ARM.Collect$$rtentry$$00000000) refers (Special) to __rtentry4.o(.ARM.Collect$$rtentry$$00000004) for __rt_entry_sh
    dcmpi.o(x$fpl$dcmpinf) refers (Special) to usenofp.o(x$fpl$usenofp) for __I$use$fp
    dnaninf.o(x$fpl$dnaninf) refers (Special) to usenofp.o(x$fpl$usenofp) for __I$use$fp
    dretinf.o(x$fpl$dretinf) refers (Special) to usenofp.o(x$fpl$usenofp) for __I$use$fp
    fnaninf.o(x$fpl$fnaninf) refers (Special) to usenofp.o(x$fpl$usenofp) for __I$use$fp
    fretinf.o(x$fpl$fretinf) refers (Special) to usenofp.o(x$fpl$usenofp) for __I$use$fp
    __rtentry2.o(.ARM.Collect$$rtentry$$00000008) refers to boardinit2.o(.text) for _platform_post_stackheap_init
    __rtentry2.o(.ARM.Collect$$rtentry$$0000000A) refers to libinit.o(.ARM.Collect$$libinit$$00000000) for __rt_lib_init
    __rtentry2.o(.ARM.Collect$$rtentry$$0000000B) refers to boardinit3.o(.text) for _platform_post_lib_init
    __rtentry2.o(.ARM.Collect$$rtentry$$0000000D) refers to main.o(i.main) for main
    __rtentry2.o(.ARM.Collect$$rtentry$$0000000D) refers to exit.o(.text) for exit
    __rtentry2.o(.ARM.exidx) refers to __rtentry2.o(.ARM.Collect$$rtentry$$00000001) for .ARM.Collect$$rtentry$$00000001
    __rtentry2.o(.ARM.exidx) refers to __rtentry2.o(.ARM.Collect$$rtentry$$00000008) for .ARM.Collect$$rtentry$$00000008
    __rtentry2.o(.ARM.exidx) refers to __rtentry2.o(.ARM.Collect$$rtentry$$0000000A) for .ARM.Collect$$rtentry$$0000000A
    __rtentry2.o(.ARM.exidx) refers to __rtentry2.o(.ARM.Collect$$rtentry$$0000000B) for .ARM.Collect$$rtentry$$0000000B
    __rtentry2.o(.ARM.exidx) refers to __rtentry2.o(.ARM.Collect$$rtentry$$0000000D) for .ARM.Collect$$rtentry$$0000000D
    __rtentry4.o(.ARM.Collect$$rtentry$$00000004) refers to sys_stackheap_outer.o(.text) for __user_setup_stackheap
    __rtentry4.o(.ARM.exidx) refers to __rtentry4.o(.ARM.Collect$$rtentry$$00000004) for .ARM.Collect$$rtentry$$00000004
    sys_stackheap_outer.o(.text) refers to libspace.o(.text) for __user_perproc_libspace
    sys_stackheap_outer.o(.text) refers to startup_mk64f12.o(.text) for __user_initial_stackheap
    exit.o(.text) refers to rtexit.o(.ARM.Collect$$rtexit$$00000000) for __rt_exit
    libinit.o(.ARM.Collect$$libinit$$00000000) refers (Special) to libinit2.o(.ARM.Collect$$libinit$$0000002E) for __rt_lib_init_alloca_1
    libinit.o(.ARM.Collect$$libinit$$00000000) refers (Special) to libinit2.o(.ARM.Collect$$libinit$$0000002C) for __rt_lib_init_argv_1
    libinit.o(.ARM.Collect$$libinit$$00000000) refers (Special) to libinit2.o(.ARM.Collect$$libinit$$0000001B) for __rt_lib_init_atexit_1
    libinit.o(.ARM.Collect$$libinit$$00000000) refers (Special) to libinit2.o(.ARM.Collect$$libinit$$00000021) for __rt_lib_init_clock_1
    libinit.o(.ARM.Collect$$libinit$$00000000) refers (Special) to libinit2.o(.ARM.Collect$$libinit$$00000032) for __rt_lib_init_cpp_1
    libinit.o(.ARM.Collect$$libinit$$00000000) refers (Special) to libinit2.o(.ARM.Collect$$libinit$$00000030) for __rt_lib_init_exceptions_1
    libinit.o(.ARM.Collect$$libinit$$00000000) refers (Special) to libinit2.o(.ARM.Collect$$libinit$$00000001) for __rt_lib_init_fp_1
    libinit.o(.ARM.Collect$$libinit$$00000000) refers (Special) to libinit2.o(.ARM.Collect$$libinit$$0000001F) for __rt_lib_init_fp_trap_1
    libinit.o(.ARM.Collect$$libinit$$00000000) refers (Special) to libinit2.o(.ARM.Collect$$libinit$$00000023) for __rt_lib_init_getenv_1
    libinit.o(.ARM.Collect$$libinit$$00000000) refers (Special) to libinit2.o(.ARM.Collect$$libinit$$0000000A) for __rt_lib_init_heap_1
    libinit.o(.ARM.Collect$$libinit$$00000000) refers (Special) to libinit2.o(.ARM.Collect$$libinit$$00000011) for __rt_lib_init_lc_collate_1
    libinit.o(.ARM.Collect$$libinit$$00000000) refers (Special) to libinit2.o(.ARM.Collect$$libinit$$00000013) for __rt_lib_init_lc_ctype_1
    libinit.o(.ARM.Collect$$libinit$$00000000) refers (Special) to libinit2.o(.ARM.Collect$$libinit$$00000015) for __rt_lib_init_lc_monetary_1
    libinit.o(.ARM.Collect$$libinit$$00000000) refers (Special) to libinit2.o(.ARM.Collect$$libinit$$00000017) for __rt_lib_init_lc_numeric_1
    libinit.o(.ARM.Collect$$libinit$$00000000) refers (Special) to libinit2.o(.ARM.Collect$$libinit$$00000019) for __rt_lib_init_lc_time_1
    libinit.o(.ARM.Collect$$libinit$$00000000) refers (Special) to libinit2.o(.ARM.Collect$$libinit$$00000004) for __rt_lib_init_preinit_1
    libinit.o(.ARM.Collect$$libinit$$00000000) refers (Special) to libinit2.o(.ARM.Collect$$libinit$$0000000E) for __rt_lib_init_rand_1
    libinit.o(.ARM.Collect$$libinit$$00000000) refers (Special) to libinit2.o(.ARM.Collect$$libinit$$00000033) for __rt_lib_init_return
    libinit.o(.ARM.Collect$$libinit$$00000000) refers (Special) to libinit2.o(.ARM.Collect$$libinit$$0000001D) for __rt_lib_init_signal_1
    libinit.o(.ARM.Collect$$libinit$$00000000) refers (Special) to libinit2.o(.ARM.Collect$$libinit$$00000025) for __rt_lib_init_stdio_1
    libinit.o(.ARM.Collect$$libinit$$00000000) refers (Special) to libinit2.o(.ARM.Collect$$libinit$$0000000C) for __rt_lib_init_user_alloc_1
    libspace.o(.text) refers to libspace.o(.bss) for __libspace_start
    rtexit.o(.ARM.Collect$$rtexit$$00000000) refers (Special) to rtexit2.o(.ARM.Collect$$rtexit$$00000004) for __rt_exit_exit
    rtexit.o(.ARM.Collect$$rtexit$$00000000) refers (Special) to rtexit2.o(.ARM.Collect$$rtexit$$00000003) for __rt_exit_ls
    rtexit.o(.ARM.Collect$$rtexit$$00000000) refers (Special) to rtexit2.o(.ARM.Collect$$rtexit$$00000002) for __rt_exit_prels_1
    rtexit.o(.ARM.exidx) refers (Special) to rtexit2.o(.ARM.Collect$$rtexit$$00000004) for __rt_exit_exit
    rtexit.o(.ARM.exidx) refers (Special) to rtexit2.o(.ARM.Collect$$rtexit$$00000003) for __rt_exit_ls
    rtexit.o(.ARM.exidx) refers (Special) to rtexit2.o(.ARM.Collect$$rtexit$$00000002) for __rt_exit_prels_1
    rtexit.o(.ARM.exidx) refers to rtexit.o(.ARM.Collect$$rtexit$$00000000) for .ARM.Collect$$rtexit$$00000000
    libinit2.o(.ARM.Collect$$libinit$$00000001) refers to fpinit.o(x$fpl$fpinit) for _fp_init
    libinit2.o(.ARM.Collect$$libinit$$00000010) refers to libinit2.o(.ARM.Collect$$libinit$$0000000F) for .ARM.Collect$$libinit$$0000000F
    libinit2.o(.ARM.Collect$$libinit$$00000012) refers to libinit2.o(.ARM.Collect$$libinit$$0000000F) for .ARM.Collect$$libinit$$0000000F
    libinit2.o(.ARM.Collect$$libinit$$00000014) refers to libinit2.o(.ARM.Collect$$libinit$$0000000F) for .ARM.Collect$$libinit$$0000000F
    libinit2.o(.ARM.Collect$$libinit$$00000016) refers to libinit2.o(.ARM.Collect$$libinit$$0000000F) for .ARM.Collect$$libinit$$0000000F
    libinit2.o(.ARM.Collect$$libinit$$00000018) refers to libinit2.o(.ARM.Collect$$libinit$$0000000F) for .ARM.Collect$$libinit$$0000000F
    libinit2.o(.ARM.Collect$$libinit$$00000026) refers to argv_veneer.o(.emb_text) for __ARM_argv_veneer
    libinit2.o(.ARM.Collect$$libinit$$00000027) refers to argv_veneer.o(.emb_text) for __ARM_argv_veneer
    rtexit2.o(.ARM.Collect$$rtexit$$00000003) refers to libshutdown.o(.ARM.Collect$$libshutdown$$00000000) for __rt_lib_shutdown
    rtexit2.o(.ARM.Collect$$rtexit$$00000004) refers to sys_exit.o(.text) for _sys_exit
    rtexit2.o(.ARM.exidx) refers to rtexit2.o(.ARM.Collect$$rtexit$$00000001) for .ARM.Collect$$rtexit$$00000001
    rtexit2.o(.ARM.exidx) refers to rtexit2.o(.ARM.Collect$$rtexit$$00000003) for .ARM.Collect$$rtexit$$00000003
    rtexit2.o(.ARM.exidx) refers to rtexit2.o(.ARM.Collect$$rtexit$$00000004) for .ARM.Collect$$rtexit$$00000004
    argv_veneer.o(.emb_text) refers to no_argv.o(.text) for __ARM_get_argv
    sys_exit.o(.text) refers (Special) to use_no_semi.o(.text) for __I$use$semihosting
    sys_exit.o(.text) refers (Special) to indicate_semi.o(.text) for __semihosting_library_function
    _get_argv_nomalloc.o(.text) refers (Special) to hrguard.o(.text) for __heap_region$guard
    _get_argv_nomalloc.o(.text) refers to defsig_rtmem_outer.o(.text) for __rt_SIGRTMEM
    _get_argv_nomalloc.o(.text) refers to sys_command.o(.text) for _sys_command_string
    libshutdown.o(.ARM.Collect$$libshutdown$$00000000) refers (Special) to libshutdown2.o(.ARM.Collect$$libshutdown$$00000002) for __rt_lib_shutdown_cpp_1
    libshutdown.o(.ARM.Collect$$libshutdown$$00000000) refers (Special) to libshutdown2.o(.ARM.Collect$$libshutdown$$00000007) for __rt_lib_shutdown_fp_trap_1
    libshutdown.o(.ARM.Collect$$libshutdown$$00000000) refers (Special) to libshutdown2.o(.ARM.Collect$$libshutdown$$0000000F) for __rt_lib_shutdown_heap_1
    libshutdown.o(.ARM.Collect$$libshutdown$$00000000) refers (Special) to libshutdown2.o(.ARM.Collect$$libshutdown$$00000010) for __rt_lib_shutdown_return
    libshutdown.o(.ARM.Collect$$libshutdown$$00000000) refers (Special) to libshutdown2.o(.ARM.Collect$$libshutdown$$0000000A) for __rt_lib_shutdown_signal_1
    libshutdown.o(.ARM.Collect$$libshutdown$$00000000) refers (Special) to libshutdown2.o(.ARM.Collect$$libshutdown$$00000004) for __rt_lib_shutdown_stdio_1
    libshutdown.o(.ARM.Collect$$libshutdown$$00000000) refers (Special) to libshutdown2.o(.ARM.Collect$$libshutdown$$0000000C) for __rt_lib_shutdown_user_alloc_1
    sys_command.o(.text) refers (Special) to use_no_semi.o(.text) for __I$use$semihosting
    sys_command.o(.text) refers (Special) to indicate_semi.o(.text) for __semihosting_library_function
    defsig_rtmem_outer.o(.text) refers to defsig_rtmem_inner.o(.text) for __rt_SIGRTMEM_inner
    defsig_rtmem_outer.o(.text) refers to defsig_exit.o(.text) for __sig_exit
    defsig_rtmem_formal.o(.text) refers to rt_raise.o(.text) for __rt_raise
    rt_raise.o(.text) refers to __raise.o(.text) for __raise
    rt_raise.o(.text) refers to sys_exit.o(.text) for _sys_exit
    defsig_exit.o(.text) refers to sys_exit.o(.text) for _sys_exit
    defsig_rtmem_inner.o(.text) refers to defsig_general.o(.text) for __default_signal_display
    __raise.o(.text) refers to defsig.o(CL$$defsig) for __default_signal_handler
    defsig_general.o(.text) refers to sys_wrch.o(.text) for _ttywrch
    sys_wrch.o(.text) refers (Special) to use_no_semi.o(.text) for __I$use$semihosting
    sys_wrch.o(.text) refers (Special) to indicate_semi.o(.text) for __semihosting_library_function
    defsig.o(CL$$defsig) refers to defsig_rtmem_inner.o(.text) for __rt_SIGRTMEM_inner
    defsig_abrt_inner.o(.text) refers to defsig_general.o(.text) for __default_signal_display
    defsig_fpe_inner.o(.text) refers to defsig_general.o(.text) for __default_signal_display
    defsig_rtred_inner.o(.text) refers to defsig_general.o(.text) for __default_signal_display
    defsig_stak_inner.o(.text) refers to defsig_general.o(.text) for __default_signal_display
    defsig_pvfn_inner.o(.text) refers to defsig_general.o(.text) for __default_signal_display
    defsig_cppl_inner.o(.text) refers to defsig_general.o(.text) for __default_signal_display
    defsig_segv_inner.o(.text) refers to defsig_general.o(.text) for __default_signal_display
    defsig_other.o(.text) refers to defsig_general.o(.text) for __default_signal_display


==============================================================================

Removing Unused input sections from the image.

    Removing camera_ftm.o(.rev16_text), (4 bytes).
    Removing camera_ftm.o(.revsh_text), (4 bytes).
    Removing camera_ftm.o(.rrx_text), (6 bytes).
    Removing isr.o(.rev16_text), (4 bytes).
    Removing isr.o(.revsh_text), (4 bytes).
    Removing isr.o(.rrx_text), (6 bytes).
    Removing isr.o(.bss), (100 bytes).
    Removing pwm.o(.rev16_text), (4 bytes).
    Removing pwm.o(.revsh_text), (4 bytes).
    Removing pwm.o(.rrx_text), (6 bytes).
    Removing pwm.o(.data), (8 bytes).
    Removing uart.o(.rev16_text), (4 bytes).
    Removing uart.o(.revsh_text), (4 bytes).
    Removing uart.o(.rrx_text), (6 bytes).
    Removing uart.o(i.uart_getchar), (24 bytes).
    Removing uart.o(i.uart_put), (22 bytes).
    Removing uart.o(i.uart_putchar), (24 bytes).
    Removing main.o(.rev16_text), (4 bytes).
    Removing main.o(.revsh_text), (4 bytes).
    Removing main.o(.rrx_text), (6 bytes).
    Removing main.o(.bss), (100 bytes).
    Removing isrinit.o(.rev16_text), (4 bytes).
    Removing isrinit.o(.revsh_text), (4 bytes).
    Removing isrinit.o(.rrx_text), (6 bytes).
    Removing isrinit.o(i.initFTM), (72 bytes).
    Removing system_mk64f12.o(.rev16_text), (4 bytes).
    Removing system_mk64f12.o(.revsh_text), (4 bytes).
    Removing system_mk64f12.o(.rrx_text), (6 bytes).
    Removing system_mk64f12.o(i.SystemCoreClockUpdate), (344 bytes).
    Removing system_mk64f12.o(.data), (4 bytes).

30 unused section(s) (total 796 bytes) removed from the image.

==============================================================================

Image Symbol Table

    Local Symbols

    Symbol Name                              Value     Ov Type        Size  Object(Section)

    RESET                                    0x00000000   Section     1024  startup_mk64f12.o(RESET)
    ../clib/angel/boardlib.s                 0x00000000   Number         0  boardinit3.o ABSOLUTE
    ../clib/angel/boardlib.s                 0x00000000   Number         0  boardinit2.o ABSOLUTE
    ../clib/angel/boardlib.s                 0x00000000   Number         0  boardinit1.o ABSOLUTE
    ../clib/angel/boardlib.s                 0x00000000   Number         0  boardshut.o ABSOLUTE
    ../clib/angel/dczerorl2.s                0x00000000   Number         0  __dczerorl2.o ABSOLUTE
    ../clib/angel/handlers.s                 0x00000000   Number         0  __scatter_zi.o ABSOLUTE
    ../clib/angel/kernel.s                   0x00000000   Number         0  rtexit.o ABSOLUTE
    ../clib/angel/kernel.s                   0x00000000   Number         0  rtexit2.o ABSOLUTE
    ../clib/angel/kernel.s                   0x00000000   Number         0  __rtentry.o ABSOLUTE
    ../clib/angel/kernel.s                   0x00000000   Number         0  __rtentry4.o ABSOLUTE
    ../clib/angel/kernel.s                   0x00000000   Number         0  __rtentry2.o ABSOLUTE
    ../clib/angel/rt.s                       0x00000000   Number         0  rt_raise.o ABSOLUTE
    ../clib/angel/scatter.s                  0x00000000   Number         0  __scatter.o ABSOLUTE
    ../clib/angel/startup.s                  0x00000000   Number         0  __main.o ABSOLUTE
    ../clib/angel/sys.s                      0x00000000   Number         0  libspace.o ABSOLUTE
    ../clib/angel/sys.s                      0x00000000   Number         0  sys_stackheap_outer.o ABSOLUTE
    ../clib/angel/sys.s                      0x00000000   Number         0  use_no_semi.o ABSOLUTE
    ../clib/angel/sys.s                      0x00000000   Number         0  indicate_semi.o ABSOLUTE
    ../clib/angel/sysapp.c                   0x00000000   Number         0  sys_wrch.o ABSOLUTE
    ../clib/angel/sysapp.c                   0x00000000   Number         0  sys_exit.o ABSOLUTE
    ../clib/angel/sysapp.c                   0x00000000   Number         0  sys_command.o ABSOLUTE
    ../clib/armsys.c                         0x00000000   Number         0  argv_veneer.o ABSOLUTE
    ../clib/armsys.c                         0x00000000   Number         0  argv_veneer.o ABSOLUTE
    ../clib/armsys.c                         0x00000000   Number         0  _get_argv_nomalloc.o ABSOLUTE
    ../clib/armsys.c                         0x00000000   Number         0  no_argv.o ABSOLUTE
    ../clib/heapalloc.c                      0x00000000   Number         0  hrguard.o ABSOLUTE
    ../clib/heapaux.c                        0x00000000   Number         0  heapauxi.o ABSOLUTE
    ../clib/libinit.s                        0x00000000   Number         0  libinit2.o ABSOLUTE
    ../clib/libinit.s                        0x00000000   Number         0  libinit.o ABSOLUTE
    ../clib/libinit.s                        0x00000000   Number         0  libshutdown2.o ABSOLUTE
    ../clib/libinit.s                        0x00000000   Number         0  libshutdown.o ABSOLUTE
    ../clib/signal.c                         0x00000000   Number         0  defsig_abrt_inner.o ABSOLUTE
    ../clib/signal.c                         0x00000000   Number         0  defsig_general.o ABSOLUTE
    ../clib/signal.c                         0x00000000   Number         0  __raise.o ABSOLUTE
    ../clib/signal.c                         0x00000000   Number         0  defsig_rtmem_inner.o ABSOLUTE
    ../clib/signal.c                         0x00000000   Number         0  defsig_exit.o ABSOLUTE
    ../clib/signal.c                         0x00000000   Number         0  defsig_rtmem_formal.o ABSOLUTE
    ../clib/signal.c                         0x00000000   Number         0  defsig_rtmem_outer.o ABSOLUTE
    ../clib/signal.c                         0x00000000   Number         0  defsig_other.o ABSOLUTE
    ../clib/signal.c                         0x00000000   Number         0  defsig_segv_inner.o ABSOLUTE
    ../clib/signal.c                         0x00000000   Number         0  defsig_cppl_inner.o ABSOLUTE
    ../clib/signal.c                         0x00000000   Number         0  defsig_pvfn_inner.o ABSOLUTE
    ../clib/signal.c                         0x00000000   Number         0  defsig_stak_inner.o ABSOLUTE
    ../clib/signal.c                         0x00000000   Number         0  defsig_rtred_inner.o ABSOLUTE
    ../clib/signal.c                         0x00000000   Number         0  defsig_fpe_inner.o ABSOLUTE
    ../clib/signal.s                         0x00000000   Number         0  defsig.o ABSOLUTE
    ../clib/stdlib.c                         0x00000000   Number         0  exit.o ABSOLUTE
    ../fplib/d2f.s                           0x00000000   Number         0  d2f.o ABSOLUTE
    ../fplib/daddsub.s                       0x00000000   Number         0  daddsub_clz.o ABSOLUTE
    ../fplib/dcmpi.s                         0x00000000   Number         0  dcmpi.o ABSOLUTE
    ../fplib/ddiv.s                          0x00000000   Number         0  ddiv.o ABSOLUTE
    ../fplib/dfixu.s                         0x00000000   Number         0  dfixu.o ABSOLUTE
    ../fplib/dflt.s                          0x00000000   Number         0  dflt_clz.o ABSOLUTE
    ../fplib/dleqf.s                         0x00000000   Number         0  dleqf.o ABSOLUTE
    ../fplib/dmul.s                          0x00000000   Number         0  dmul.o ABSOLUTE
    ../fplib/dnaninf.s                       0x00000000   Number         0  dnaninf.o ABSOLUTE
    ../fplib/dretinf.s                       0x00000000   Number         0  dretinf.o ABSOLUTE
    ../fplib/drleqf.s                        0x00000000   Number         0  drleqf.o ABSOLUTE
    ../fplib/f2d.s                           0x00000000   Number         0  f2d.o ABSOLUTE
    ../fplib/fnaninf.s                       0x00000000   Number         0  fnaninf.o ABSOLUTE
    ../fplib/fpinit.s                        0x00000000   Number         0  fpinit.o ABSOLUTE
    ../fplib/fretinf.s                       0x00000000   Number         0  fretinf.o ABSOLUTE
    ../fplib/usenofp.s                       0x00000000   Number         0  usenofp.o ABSOLUTE
    ../mathlib/fabs.c                        0x00000000   Number         0  fabs.o ABSOLUTE
    RTE\Device\MK64FN1M0xxx12\startup_MK64F12.s 0x00000000   Number         0  startup_mk64f12.o ABSOLUTE
    RTE\Device\MK64FN1M0xxx12\system_MK64F12.c 0x00000000   Number         0  system_mk64f12.o ABSOLUTE
    RTE\\Device\\MK64FN1M0xxx12\\system_MK64F12.c 0x00000000   Number         0  system_mk64f12.o ABSOLUTE
    camera_FTM.c                             0x00000000   Number         0  camera_ftm.o ABSOLUTE
    camera_FTM.c                             0x00000000   Number         0  camera_ftm.o ABSOLUTE
    dc.s                                     0x00000000   Number         0  dc.o ABSOLUTE
    isr.c                                    0x00000000   Number         0  isr.o ABSOLUTE
    isr.c                                    0x00000000   Number         0  isr.o ABSOLUTE
    isrInit.c                                0x00000000   Number         0  isrinit.o ABSOLUTE
    isrInit.c                                0x00000000   Number         0  isrinit.o ABSOLUTE
    main.c                                   0x00000000   Number         0  main.o ABSOLUTE
    main.c                                   0x00000000   Number         0  main.o ABSOLUTE
    pwm.c                                    0x00000000   Number         0  pwm.o ABSOLUTE
    pwm.c                                    0x00000000   Number         0  pwm.o ABSOLUTE
    uart.c                                   0x00000000   Number         0  uart.o ABSOLUTE
    uart.c                                   0x00000000   Number         0  uart.o ABSOLUTE
    .ARM.__at_0x400                          0x00000400   Section       16  startup_mk64f12.o(.ARM.__at_0x400)
    !!!main                                  0x00000410   Section        8  __main.o(!!!main)
    !!!scatter                               0x00000418   Section       52  __scatter.o(!!!scatter)
    !!dczerorl2                              0x0000044c   Section       90  __dczerorl2.o(!!dczerorl2)
    !!handler_zi                             0x000004a8   Section       28  __scatter_zi.o(!!handler_zi)
    .ARM.Collect$$libinit$$00000000          0x000004c4   Section        2  libinit.o(.ARM.Collect$$libinit$$00000000)
    .ARM.Collect$$libinit$$00000001          0x000004c6   Section        4  libinit2.o(.ARM.Collect$$libinit$$00000001)
    .ARM.Collect$$libinit$$00000004          0x000004ca   Section        0  libinit2.o(.ARM.Collect$$libinit$$00000004)
    .ARM.Collect$$libinit$$0000000A          0x000004ca   Section        0  libinit2.o(.ARM.Collect$$libinit$$0000000A)
    .ARM.Collect$$libinit$$0000000C          0x000004ca   Section        0  libinit2.o(.ARM.Collect$$libinit$$0000000C)
    .ARM.Collect$$libinit$$0000000E          0x000004ca   Section        0  libinit2.o(.ARM.Collect$$libinit$$0000000E)
    .ARM.Collect$$libinit$$00000011          0x000004ca   Section        0  libinit2.o(.ARM.Collect$$libinit$$00000011)
    .ARM.Collect$$libinit$$00000013          0x000004ca   Section        0  libinit2.o(.ARM.Collect$$libinit$$00000013)
    .ARM.Collect$$libinit$$00000015          0x000004ca   Section        0  libinit2.o(.ARM.Collect$$libinit$$00000015)
    .ARM.Collect$$libinit$$00000017          0x000004ca   Section        0  libinit2.o(.ARM.Collect$$libinit$$00000017)
    .ARM.Collect$$libinit$$00000019          0x000004ca   Section        0  libinit2.o(.ARM.Collect$$libinit$$00000019)
    .ARM.Collect$$libinit$$0000001B          0x000004ca   Section        0  libinit2.o(.ARM.Collect$$libinit$$0000001B)
    .ARM.Collect$$libinit$$0000001D          0x000004ca   Section        0  libinit2.o(.ARM.Collect$$libinit$$0000001D)
    .ARM.Collect$$libinit$$0000001F          0x000004ca   Section        0  libinit2.o(.ARM.Collect$$libinit$$0000001F)
    .ARM.Collect$$libinit$$00000021          0x000004ca   Section        0  libinit2.o(.ARM.Collect$$libinit$$00000021)
    .ARM.Collect$$libinit$$00000023          0x000004ca   Section        0  libinit2.o(.ARM.Collect$$libinit$$00000023)
    .ARM.Collect$$libinit$$00000025          0x000004ca   Section        0  libinit2.o(.ARM.Collect$$libinit$$00000025)
    .ARM.Collect$$libinit$$0000002C          0x000004ca   Section        0  libinit2.o(.ARM.Collect$$libinit$$0000002C)
    .ARM.Collect$$libinit$$0000002E          0x000004ca   Section        0  libinit2.o(.ARM.Collect$$libinit$$0000002E)
    .ARM.Collect$$libinit$$00000030          0x000004ca   Section        0  libinit2.o(.ARM.Collect$$libinit$$00000030)
    .ARM.Collect$$libinit$$00000032          0x000004ca   Section        0  libinit2.o(.ARM.Collect$$libinit$$00000032)
    .ARM.Collect$$libinit$$00000033          0x000004ca   Section        2  libinit2.o(.ARM.Collect$$libinit$$00000033)
    .ARM.Collect$$libshutdown$$00000000      0x000004cc   Section        2  libshutdown.o(.ARM.Collect$$libshutdown$$00000000)
    .ARM.Collect$$libshutdown$$00000002      0x000004ce   Section        0  libshutdown2.o(.ARM.Collect$$libshutdown$$00000002)
    .ARM.Collect$$libshutdown$$00000004      0x000004ce   Section        0  libshutdown2.o(.ARM.Collect$$libshutdown$$00000004)
    .ARM.Collect$$libshutdown$$00000007      0x000004ce   Section        0  libshutdown2.o(.ARM.Collect$$libshutdown$$00000007)
    .ARM.Collect$$libshutdown$$0000000A      0x000004ce   Section        0  libshutdown2.o(.ARM.Collect$$libshutdown$$0000000A)
    .ARM.Collect$$libshutdown$$0000000C      0x000004ce   Section        0  libshutdown2.o(.ARM.Collect$$libshutdown$$0000000C)
    .ARM.Collect$$libshutdown$$0000000F      0x000004ce   Section        0  libshutdown2.o(.ARM.Collect$$libshutdown$$0000000F)
    .ARM.Collect$$libshutdown$$00000010      0x000004ce   Section        2  libshutdown2.o(.ARM.Collect$$libshutdown$$00000010)
    .ARM.Collect$$rtentry$$00000000          0x000004d0   Section        0  __rtentry.o(.ARM.Collect$$rtentry$$00000000)
    .ARM.Collect$$rtentry$$00000002          0x000004d0   Section        0  __rtentry2.o(.ARM.Collect$$rtentry$$00000002)
    .ARM.Collect$$rtentry$$00000004          0x000004d0   Section        6  __rtentry4.o(.ARM.Collect$$rtentry$$00000004)
    .ARM.Collect$$rtentry$$00000009          0x000004d6   Section        0  __rtentry2.o(.ARM.Collect$$rtentry$$00000009)
    .ARM.Collect$$rtentry$$0000000A          0x000004d6   Section        4  __rtentry2.o(.ARM.Collect$$rtentry$$0000000A)
    .ARM.Collect$$rtentry$$0000000C          0x000004da   Section        0  __rtentry2.o(.ARM.Collect$$rtentry$$0000000C)
    .ARM.Collect$$rtentry$$0000000D          0x000004da   Section        8  __rtentry2.o(.ARM.Collect$$rtentry$$0000000D)
    .ARM.Collect$$rtexit$$00000000           0x000004e2   Section        2  rtexit.o(.ARM.Collect$$rtexit$$00000000)
    .ARM.Collect$$rtexit$$00000002           0x000004e4   Section        0  rtexit2.o(.ARM.Collect$$rtexit$$00000002)
    .ARM.Collect$$rtexit$$00000003           0x000004e4   Section        4  rtexit2.o(.ARM.Collect$$rtexit$$00000003)
    .ARM.Collect$$rtexit$$00000004           0x000004e8   Section        6  rtexit2.o(.ARM.Collect$$rtexit$$00000004)
    .text                                    0x000004f0   Section       72  startup_mk64f12.o(.text)
    $v0                                      0x000004f0   Number         0  startup_mk64f12.o(.text)
    .text                                    0x00000538   Section        0  heapauxi.o(.text)
    .text                                    0x0000053e   Section       74  sys_stackheap_outer.o(.text)
    .text                                    0x00000588   Section        0  exit.o(.text)
    .text                                    0x0000059c   Section        8  libspace.o(.text)
    .text                                    0x000005a4   Section        0  sys_exit.o(.text)
    .text                                    0x000005b0   Section        2  use_no_semi.o(.text)
    .text                                    0x000005b2   Section        0  indicate_semi.o(.text)
    i.ADC0_IRQHandler                        0x000005b4   Section        0  camera_ftm.o(i.ADC0_IRQHandler)
    i.FTM2_IRQHandler                        0x000005c8   Section        0  camera_ftm.o(i.FTM2_IRQHandler)
    i.InitPWM                                0x000006ac   Section        0  pwm.o(i.InitPWM)
    i.PDB0_IRQHandler                        0x000007ac   Section        0  isr.o(i.PDB0_IRQHandler)
    i.PIT0_IRQHandler                        0x000008ec   Section        0  camera_ftm.o(i.PIT0_IRQHandler)
    i.PORTC_IRQHandler                       0x0000092c   Section        0  isr.o(i.PORTC_IRQHandler)
    i.SetDutyCycle                           0x00000994   Section        0  pwm.o(i.SetDutyCycle)
    i.SetServoDutyCycle                      0x000009e8   Section        0  pwm.o(i.SetServoDutyCycle)
    i.SystemInit                             0x00000a48   Section        0  system_mk64f12.o(i.SystemInit)
    i.__NVIC_EnableIRQ                       0x00000ae8   Section        0  camera_ftm.o(i.__NVIC_EnableIRQ)
    __NVIC_EnableIRQ                         0x00000ae9   Thumb Code    26  camera_ftm.o(i.__NVIC_EnableIRQ)
    i.__NVIC_EnableIRQ                       0x00000b02   Section        0  isrinit.o(i.__NVIC_EnableIRQ)
    __NVIC_EnableIRQ                         0x00000b03   Thumb Code    26  isrinit.o(i.__NVIC_EnableIRQ)
    i.__hardfp_fabs                          0x00000b1c   Section        0  fabs.o(i.__hardfp_fabs)
    i.drivev2                                0x00000b30   Section        0  main.o(i.drivev2)
    i.findEdge                               0x00000f90   Section        0  camera_ftm.o(i.findEdge)
    i.initGPIO                               0x00001864   Section        0  isrinit.o(i.initGPIO)
    i.initISR                                0x00001978   Section        0  isrinit.o(i.initISR)
    i.initInterrupts                         0x0000198c   Section        0  isrinit.o(i.initInterrupts)
    i.initPDB                                0x000019a4   Section        0  isrinit.o(i.initPDB)
    i.init_ADC0                              0x00001a10   Section        0  camera_ftm.o(i.init_ADC0)
    i.init_FTM2                              0x00001aa4   Section        0  camera_ftm.o(i.init_FTM2)
    i.init_GPIO                              0x00001b20   Section        0  camera_ftm.o(i.init_GPIO)
    i.init_PIT                               0x00001ba0   Section        0  camera_ftm.o(i.init_PIT)
    i.init_camera                            0x00001c08   Section        0  camera_ftm.o(i.init_camera)
    i.initialize                             0x00001c20   Section        0  main.o(i.initialize)
    i.main                                   0x00001c34   Section        0  main.o(i.main)
    i.uart_init                              0x00001cb8   Section        0  uart.o(i.uart_init)
    x$fpl$d2f                                0x00001d44   Section       98  d2f.o(x$fpl$d2f)
    $v0                                      0x00001d44   Number         0  d2f.o(x$fpl$d2f)
    x$fpl$dadd                               0x00001da8   Section      336  daddsub_clz.o(x$fpl$dadd)
    $v0                                      0x00001da8   Number         0  daddsub_clz.o(x$fpl$dadd)
    _dadd1                                   0x00001db9   Thumb Code     0  daddsub_clz.o(x$fpl$dadd)
    x$fpl$dcmpinf                            0x00001ef8   Section       24  dcmpi.o(x$fpl$dcmpinf)
    $v0                                      0x00001ef8   Number         0  dcmpi.o(x$fpl$dcmpinf)
    x$fpl$ddiv                               0x00001f10   Section      688  ddiv.o(x$fpl$ddiv)
    $v0                                      0x00001f10   Number         0  ddiv.o(x$fpl$ddiv)
    ddiv_entry                               0x00001f17   Thumb Code     0  ddiv.o(x$fpl$ddiv)
    x$fpl$dfixu                              0x000021c0   Section       90  dfixu.o(x$fpl$dfixu)
    $v0                                      0x000021c0   Number         0  dfixu.o(x$fpl$dfixu)
    x$fpl$dflt                               0x0000221a   Section       46  dflt_clz.o(x$fpl$dflt)
    $v0                                      0x0000221a   Number         0  dflt_clz.o(x$fpl$dflt)
    x$fpl$dfltu                              0x00002248   Section       38  dflt_clz.o(x$fpl$dfltu)
    $v0                                      0x00002248   Number         0  dflt_clz.o(x$fpl$dfltu)
    x$fpl$dleqf                              0x00002270   Section      120  dleqf.o(x$fpl$dleqf)
    $v0                                      0x00002270   Number         0  dleqf.o(x$fpl$dleqf)
    x$fpl$dmul                               0x000022e8   Section      340  dmul.o(x$fpl$dmul)
    $v0                                      0x000022e8   Number         0  dmul.o(x$fpl$dmul)
    x$fpl$dnaninf                            0x0000243c   Section      156  dnaninf.o(x$fpl$dnaninf)
    $v0                                      0x0000243c   Number         0  dnaninf.o(x$fpl$dnaninf)
    x$fpl$dretinf                            0x000024d8   Section       12  dretinf.o(x$fpl$dretinf)
    $v0                                      0x000024d8   Number         0  dretinf.o(x$fpl$dretinf)
    x$fpl$drleqf                             0x000024e4   Section      108  drleqf.o(x$fpl$drleqf)
    $v0                                      0x000024e4   Number         0  drleqf.o(x$fpl$drleqf)
    x$fpl$dsub                               0x00002550   Section      468  daddsub_clz.o(x$fpl$dsub)
    $v0                                      0x00002550   Number         0  daddsub_clz.o(x$fpl$dsub)
    _dsub1                                   0x00002561   Thumb Code     0  daddsub_clz.o(x$fpl$dsub)
    x$fpl$f2d                                0x00002724   Section       86  f2d.o(x$fpl$f2d)
    $v0                                      0x00002724   Number         0  f2d.o(x$fpl$f2d)
    x$fpl$fnaninf                            0x0000277a   Section      140  fnaninf.o(x$fpl$fnaninf)
    $v0                                      0x0000277a   Number         0  fnaninf.o(x$fpl$fnaninf)
    x$fpl$fpinit                             0x00002806   Section       10  fpinit.o(x$fpl$fpinit)
    $v0                                      0x00002806   Number         0  fpinit.o(x$fpl$fpinit)
    x$fpl$fretinf                            0x00002810   Section       10  fretinf.o(x$fpl$fretinf)
    $v0                                      0x00002810   Number         0  fretinf.o(x$fpl$fretinf)
    x$fpl$usenofp                            0x0000281a   Section        0  usenofp.o(x$fpl$usenofp)
    .data                                    0x20000000   Section       40  camera_ftm.o(.data)
    .data                                    0x20000028   Section       28  isr.o(.data)
    .data                                    0x20000048   Section      248  main.o(.data)
    error_n1                                 0x20000070   Data           4  main.o(.data)
    error_n2                                 0x20000074   Data           4  main.o(.data)
    .bss                                     0x20000140   Section     2304  camera_ftm.o(.bss)
    .bss                                     0x20000a40   Section       96  libspace.o(.bss)
    HEAP                                     0x20000aa0   Section        0  startup_mk64f12.o(HEAP)
    STACK                                    0x20000aa0   Section     1024  startup_mk64f12.o(STACK)
    Heap_Mem                                 0x20000aa0   Data           0  startup_mk64f12.o(HEAP)
    Stack_Mem                                0x20000aa0   Data        1024  startup_mk64f12.o(STACK)
    __initial_sp                             0x20000ea0   Data           0  startup_mk64f12.o(STACK)

    Global Symbols

    Symbol Name                              Value     Ov Type        Size  Object(Section)

    BuildAttributes$$THM_ISAv4$E$P$D$K$B$S$7EM$VFPi3$EXTD16$VFPS$VFMA$PE$A:L22UL41UL21$X:L11$S22US41US21$IEEE1$IW$USESV6$~STKCKD$USESV7$~SHL$OTIME$ROPI$IEEEJ$EBA8$UX$STANDARDLIB$REQ8$PRES8$EABIv2 0x00000000   Number         0  anon$$obj.o ABSOLUTE
    __ARM_use_no_argv                        0x00000000   Number         0  main.o ABSOLUTE
    __Vectors                                0x00000000   Data           4  startup_mk64f12.o(RESET)
    __ARM_exceptions_init                     - Undefined Weak Reference
    __alloca_initialize                       - Undefined Weak Reference
    __arm_preinit_                            - Undefined Weak Reference
    __cpp_initialize__aeabi_                  - Undefined Weak Reference
    __cxa_finalize                            - Undefined Weak Reference
    __rt_locale                               - Undefined Weak Reference
    __sigvec_lookup                           - Undefined Weak Reference
    _atexit_init                              - Undefined Weak Reference
    _call_atexit_fns                          - Undefined Weak Reference
    _clock_init                               - Undefined Weak Reference
    _fp_trap_init                             - Undefined Weak Reference
    _fp_trap_shutdown                         - Undefined Weak Reference
    _get_lc_collate                           - Undefined Weak Reference
    _get_lc_ctype                             - Undefined Weak Reference
    _get_lc_monetary                          - Undefined Weak Reference
    _get_lc_numeric                           - Undefined Weak Reference
    _get_lc_time                              - Undefined Weak Reference
    _getenv_init                              - Undefined Weak Reference
    _handle_redirection                       - Undefined Weak Reference
    _init_alloc                               - Undefined Weak Reference
    _init_user_alloc                          - Undefined Weak Reference
    _initio                                   - Undefined Weak Reference
    _rand_init                                - Undefined Weak Reference
    _signal_finish                            - Undefined Weak Reference
    _signal_init                              - Undefined Weak Reference
    _terminate_alloc                          - Undefined Weak Reference
    _terminate_user_alloc                     - Undefined Weak Reference
    _terminateio                              - Undefined Weak Reference
    __Vectors_End                            0x00000400   Data           0  startup_mk64f12.o(RESET)
    __Vectors_Size                           0x00000400   Number         0  startup_mk64f12.o ABSOLUTE
    __main                                   0x00000411   Thumb Code     8  __main.o(!!!main)
    __scatterload                            0x00000419   Thumb Code     0  __scatter.o(!!!scatter)
    __scatterload_rt2                        0x00000419   Thumb Code    44  __scatter.o(!!!scatter)
    __scatterload_rt2_thumb_only             0x00000419   Thumb Code     0  __scatter.o(!!!scatter)
    __scatterload_null                       0x00000427   Thumb Code     0  __scatter.o(!!!scatter)
    __decompress                             0x0000044d   Thumb Code    90  __dczerorl2.o(!!dczerorl2)
    __decompress1                            0x0000044d   Thumb Code     0  __dczerorl2.o(!!dczerorl2)
    __scatterload_zeroinit                   0x000004a9   Thumb Code    28  __scatter_zi.o(!!handler_zi)
    __rt_lib_init                            0x000004c5   Thumb Code     0  libinit.o(.ARM.Collect$$libinit$$00000000)
    __rt_lib_init_fp_1                       0x000004c7   Thumb Code     0  libinit2.o(.ARM.Collect$$libinit$$00000001)
    __rt_lib_init_alloca_1                   0x000004cb   Thumb Code     0  libinit2.o(.ARM.Collect$$libinit$$0000002E)
    __rt_lib_init_argv_1                     0x000004cb   Thumb Code     0  libinit2.o(.ARM.Collect$$libinit$$0000002C)
    __rt_lib_init_atexit_1                   0x000004cb   Thumb Code     0  libinit2.o(.ARM.Collect$$libinit$$0000001B)
    __rt_lib_init_clock_1                    0x000004cb   Thumb Code     0  libinit2.o(.ARM.Collect$$libinit$$00000021)
    __rt_lib_init_cpp_1                      0x000004cb   Thumb Code     0  libinit2.o(.ARM.Collect$$libinit$$00000032)
    __rt_lib_init_exceptions_1               0x000004cb   Thumb Code     0  libinit2.o(.ARM.Collect$$libinit$$00000030)
    __rt_lib_init_fp_trap_1                  0x000004cb   Thumb Code     0  libinit2.o(.ARM.Collect$$libinit$$0000001F)
    __rt_lib_init_getenv_1                   0x000004cb   Thumb Code     0  libinit2.o(.ARM.Collect$$libinit$$00000023)
    __rt_lib_init_heap_1                     0x000004cb   Thumb Code     0  libinit2.o(.ARM.Collect$$libinit$$0000000A)
    __rt_lib_init_lc_collate_1               0x000004cb   Thumb Code     0  libinit2.o(.ARM.Collect$$libinit$$00000011)
    __rt_lib_init_lc_ctype_1                 0x000004cb   Thumb Code     0  libinit2.o(.ARM.Collect$$libinit$$00000013)
    __rt_lib_init_lc_monetary_1              0x000004cb   Thumb Code     0  libinit2.o(.ARM.Collect$$libinit$$00000015)
    __rt_lib_init_lc_numeric_1               0x000004cb   Thumb Code     0  libinit2.o(.ARM.Collect$$libinit$$00000017)
    __rt_lib_init_lc_time_1                  0x000004cb   Thumb Code     0  libinit2.o(.ARM.Collect$$libinit$$00000019)
    __rt_lib_init_preinit_1                  0x000004cb   Thumb Code     0  libinit2.o(.ARM.Collect$$libinit$$00000004)
    __rt_lib_init_rand_1                     0x000004cb   Thumb Code     0  libinit2.o(.ARM.Collect$$libinit$$0000000E)
    __rt_lib_init_return                     0x000004cb   Thumb Code     0  libinit2.o(.ARM.Collect$$libinit$$00000033)
    __rt_lib_init_signal_1                   0x000004cb   Thumb Code     0  libinit2.o(.ARM.Collect$$libinit$$0000001D)
    __rt_lib_init_stdio_1                    0x000004cb   Thumb Code     0  libinit2.o(.ARM.Collect$$libinit$$00000025)
    __rt_lib_init_user_alloc_1               0x000004cb   Thumb Code     0  libinit2.o(.ARM.Collect$$libinit$$0000000C)
    __rt_lib_shutdown                        0x000004cd   Thumb Code     0  libshutdown.o(.ARM.Collect$$libshutdown$$00000000)
    __rt_lib_shutdown_cpp_1                  0x000004cf   Thumb Code     0  libshutdown2.o(.ARM.Collect$$libshutdown$$00000002)
    __rt_lib_shutdown_fp_trap_1              0x000004cf   Thumb Code     0  libshutdown2.o(.ARM.Collect$$libshutdown$$00000007)
    __rt_lib_shutdown_heap_1                 0x000004cf   Thumb Code     0  libshutdown2.o(.ARM.Collect$$libshutdown$$0000000F)
    __rt_lib_shutdown_return                 0x000004cf   Thumb Code     0  libshutdown2.o(.ARM.Collect$$libshutdown$$00000010)
    __rt_lib_shutdown_signal_1               0x000004cf   Thumb Code     0  libshutdown2.o(.ARM.Collect$$libshutdown$$0000000A)
    __rt_lib_shutdown_stdio_1                0x000004cf   Thumb Code     0  libshutdown2.o(.ARM.Collect$$libshutdown$$00000004)
    __rt_lib_shutdown_user_alloc_1           0x000004cf   Thumb Code     0  libshutdown2.o(.ARM.Collect$$libshutdown$$0000000C)
    __rt_entry                               0x000004d1   Thumb Code     0  __rtentry.o(.ARM.Collect$$rtentry$$00000000)
    __rt_entry_presh_1                       0x000004d1   Thumb Code     0  __rtentry2.o(.ARM.Collect$$rtentry$$00000002)
    __rt_entry_sh                            0x000004d1   Thumb Code     0  __rtentry4.o(.ARM.Collect$$rtentry$$00000004)
    __rt_entry_li                            0x000004d7   Thumb Code     0  __rtentry2.o(.ARM.Collect$$rtentry$$0000000A)
    __rt_entry_postsh_1                      0x000004d7   Thumb Code     0  __rtentry2.o(.ARM.Collect$$rtentry$$00000009)
    __rt_entry_main                          0x000004db   Thumb Code     0  __rtentry2.o(.ARM.Collect$$rtentry$$0000000D)
    __rt_entry_postli_1                      0x000004db   Thumb Code     0  __rtentry2.o(.ARM.Collect$$rtentry$$0000000C)
    __rt_exit                                0x000004e3   Thumb Code     0  rtexit.o(.ARM.Collect$$rtexit$$00000000)
    __rt_exit_ls                             0x000004e5   Thumb Code     0  rtexit2.o(.ARM.Collect$$rtexit$$00000003)
    __rt_exit_prels_1                        0x000004e5   Thumb Code     0  rtexit2.o(.ARM.Collect$$rtexit$$00000002)
    __rt_exit_exit                           0x000004e9   Thumb Code     0  rtexit2.o(.ARM.Collect$$rtexit$$00000004)
    init_data_bss                            0x000004f1   Thumb Code     2  startup_mk64f12.o(.text)
    Reset_Handler                            0x000004f3   Thumb Code    12  startup_mk64f12.o(.text)
    NMI_Handler                              0x000004ff   Thumb Code     2  startup_mk64f12.o(.text)
    HardFault_Handler                        0x00000501   Thumb Code     2  startup_mk64f12.o(.text)
    MemManage_Handler                        0x00000503   Thumb Code     2  startup_mk64f12.o(.text)
    BusFault_Handler                         0x00000505   Thumb Code     2  startup_mk64f12.o(.text)
    UsageFault_Handler                       0x00000507   Thumb Code     2  startup_mk64f12.o(.text)
    SVC_Handler                              0x00000509   Thumb Code     2  startup_mk64f12.o(.text)
    DebugMon_Handler                         0x0000050b   Thumb Code     2  startup_mk64f12.o(.text)
    PendSV_Handler                           0x0000050d   Thumb Code     2  startup_mk64f12.o(.text)
    SysTick_Handler                          0x0000050f   Thumb Code     2  startup_mk64f12.o(.text)
    ADC1_IRQHandler                          0x00000511   Thumb Code     0  startup_mk64f12.o(.text)
    CAN0_Bus_Off_IRQHandler                  0x00000511   Thumb Code     0  startup_mk64f12.o(.text)
    CAN0_Error_IRQHandler                    0x00000511   Thumb Code     0  startup_mk64f12.o(.text)
    CAN0_ORed_Message_buffer_IRQHandler      0x00000511   Thumb Code     0  startup_mk64f12.o(.text)
    CAN0_Rx_Warning_IRQHandler               0x00000511   Thumb Code     0  startup_mk64f12.o(.text)
    CAN0_Tx_Warning_IRQHandler               0x00000511   Thumb Code     0  startup_mk64f12.o(.text)
    CAN0_Wake_Up_IRQHandler                  0x00000511   Thumb Code     0  startup_mk64f12.o(.text)
    CMP0_IRQHandler                          0x00000511   Thumb Code     0  startup_mk64f12.o(.text)
    CMP1_IRQHandler                          0x00000511   Thumb Code     0  startup_mk64f12.o(.text)
    CMP2_IRQHandler                          0x00000511   Thumb Code     0  startup_mk64f12.o(.text)
    CMT_IRQHandler                           0x00000511   Thumb Code     0  startup_mk64f12.o(.text)
    DAC0_IRQHandler                          0x00000511   Thumb Code     0  startup_mk64f12.o(.text)
    DAC1_IRQHandler                          0x00000511   Thumb Code     0  startup_mk64f12.o(.text)
    DMA0_IRQHandler                          0x00000511   Thumb Code     0  startup_mk64f12.o(.text)
    DMA10_IRQHandler                         0x00000511   Thumb Code     0  startup_mk64f12.o(.text)
    DMA11_IRQHandler                         0x00000511   Thumb Code     0  startup_mk64f12.o(.text)
    DMA12_IRQHandler                         0x00000511   Thumb Code     0  startup_mk64f12.o(.text)
    DMA13_IRQHandler                         0x00000511   Thumb Code     0  startup_mk64f12.o(.text)
    DMA14_IRQHandler                         0x00000511   Thumb Code     0  startup_mk64f12.o(.text)
    DMA15_IRQHandler                         0x00000511   Thumb Code     0  startup_mk64f12.o(.text)
    DMA1_IRQHandler                          0x00000511   Thumb Code     0  startup_mk64f12.o(.text)
    DMA2_IRQHandler                          0x00000511   Thumb Code     0  startup_mk64f12.o(.text)
    DMA3_IRQHandler                          0x00000511   Thumb Code     0  startup_mk64f12.o(.text)
    DMA4_IRQHandler                          0x00000511   Thumb Code     0  startup_mk64f12.o(.text)
    DMA5_IRQHandler                          0x00000511   Thumb Code     0  startup_mk64f12.o(.text)
    DMA6_IRQHandler                          0x00000511   Thumb Code     0  startup_mk64f12.o(.text)
    DMA7_IRQHandler                          0x00000511   Thumb Code     0  startup_mk64f12.o(.text)
    DMA8_IRQHandler                          0x00000511   Thumb Code     0  startup_mk64f12.o(.text)
    DMA9_IRQHandler                          0x00000511   Thumb Code     0  startup_mk64f12.o(.text)
    DMA_Error_IRQHandler                     0x00000511   Thumb Code     0  startup_mk64f12.o(.text)
    DefaultISR                               0x00000511   Thumb Code     0  startup_mk64f12.o(.text)
    ENET_1588_Timer_IRQHandler               0x00000511   Thumb Code     0  startup_mk64f12.o(.text)
    ENET_Error_IRQHandler                    0x00000511   Thumb Code     0  startup_mk64f12.o(.text)
    ENET_Receive_IRQHandler                  0x00000511   Thumb Code     0  startup_mk64f12.o(.text)
    ENET_Transmit_IRQHandler                 0x00000511   Thumb Code     0  startup_mk64f12.o(.text)
    FTFE_IRQHandler                          0x00000511   Thumb Code     0  startup_mk64f12.o(.text)
    FTM0_IRQHandler                          0x00000511   Thumb Code     0  startup_mk64f12.o(.text)
    FTM1_IRQHandler                          0x00000511   Thumb Code     0  startup_mk64f12.o(.text)
    FTM3_IRQHandler                          0x00000511   Thumb Code     0  startup_mk64f12.o(.text)
    I2C0_IRQHandler                          0x00000511   Thumb Code     0  startup_mk64f12.o(.text)
    I2C1_IRQHandler                          0x00000511   Thumb Code     0  startup_mk64f12.o(.text)
    I2C2_IRQHandler                          0x00000511   Thumb Code     0  startup_mk64f12.o(.text)
    I2S0_Rx_IRQHandler                       0x00000511   Thumb Code     0  startup_mk64f12.o(.text)
    I2S0_Tx_IRQHandler                       0x00000511   Thumb Code     0  startup_mk64f12.o(.text)
    LLW_IRQHandler                           0x00000511   Thumb Code     0  startup_mk64f12.o(.text)
    LPTimer_IRQHandler                       0x00000511   Thumb Code     0  startup_mk64f12.o(.text)
    LVD_LVW_IRQHandler                       0x00000511   Thumb Code     0  startup_mk64f12.o(.text)
    MCG_IRQHandler                           0x00000511   Thumb Code     0  startup_mk64f12.o(.text)
    MCM_IRQHandler                           0x00000511   Thumb Code     0  startup_mk64f12.o(.text)
    PIT1_IRQHandler                          0x00000511   Thumb Code     0  startup_mk64f12.o(.text)
    PIT2_IRQHandler                          0x00000511   Thumb Code     0  startup_mk64f12.o(.text)
    PIT3_IRQHandler                          0x00000511   Thumb Code     0  startup_mk64f12.o(.text)
    PORTA_IRQHandler                         0x00000511   Thumb Code     0  startup_mk64f12.o(.text)
    PORTB_IRQHandler                         0x00000511   Thumb Code     0  startup_mk64f12.o(.text)
    PORTD_IRQHandler                         0x00000511   Thumb Code     0  startup_mk64f12.o(.text)
    PORTE_IRQHandler                         0x00000511   Thumb Code     0  startup_mk64f12.o(.text)
    RNG_IRQHandler                           0x00000511   Thumb Code     0  startup_mk64f12.o(.text)
    RTC_IRQHandler                           0x00000511   Thumb Code     0  startup_mk64f12.o(.text)
    RTC_Seconds_IRQHandler                   0x00000511   Thumb Code     0  startup_mk64f12.o(.text)
    Read_Collision_IRQHandler                0x00000511   Thumb Code     0  startup_mk64f12.o(.text)
    Reserved71_IRQHandler                    0x00000511   Thumb Code     0  startup_mk64f12.o(.text)
    SDHC_IRQHandler                          0x00000511   Thumb Code     0  startup_mk64f12.o(.text)
    SPI0_IRQHandler                          0x00000511   Thumb Code     0  startup_mk64f12.o(.text)
    SPI1_IRQHandler                          0x00000511   Thumb Code     0  startup_mk64f12.o(.text)
    SPI2_IRQHandler                          0x00000511   Thumb Code     0  startup_mk64f12.o(.text)
    SWI_IRQHandler                           0x00000511   Thumb Code     0  startup_mk64f12.o(.text)
    UART0_ERR_IRQHandler                     0x00000511   Thumb Code     0  startup_mk64f12.o(.text)
    UART0_LON_IRQHandler                     0x00000511   Thumb Code     0  startup_mk64f12.o(.text)
    UART0_RX_TX_IRQHandler                   0x00000511   Thumb Code     0  startup_mk64f12.o(.text)
    UART1_ERR_IRQHandler                     0x00000511   Thumb Code     0  startup_mk64f12.o(.text)
    UART1_RX_TX_IRQHandler                   0x00000511   Thumb Code     0  startup_mk64f12.o(.text)
    UART2_ERR_IRQHandler                     0x00000511   Thumb Code     0  startup_mk64f12.o(.text)
    UART2_RX_TX_IRQHandler                   0x00000511   Thumb Code     0  startup_mk64f12.o(.text)
    UART3_ERR_IRQHandler                     0x00000511   Thumb Code     0  startup_mk64f12.o(.text)
    UART3_RX_TX_IRQHandler                   0x00000511   Thumb Code     0  startup_mk64f12.o(.text)
    UART4_ERR_IRQHandler                     0x00000511   Thumb Code     0  startup_mk64f12.o(.text)
    UART4_RX_TX_IRQHandler                   0x00000511   Thumb Code     0  startup_mk64f12.o(.text)
    UART5_ERR_IRQHandler                     0x00000511   Thumb Code     0  startup_mk64f12.o(.text)
    UART5_RX_TX_IRQHandler                   0x00000511   Thumb Code     0  startup_mk64f12.o(.text)
    USB0_IRQHandler                          0x00000511   Thumb Code     0  startup_mk64f12.o(.text)
    USBDCD_IRQHandler                        0x00000511   Thumb Code     0  startup_mk64f12.o(.text)
    Watchdog_IRQHandler                      0x00000511   Thumb Code     0  startup_mk64f12.o(.text)
    __user_initial_stackheap                 0x00000515   Thumb Code     0  startup_mk64f12.o(.text)
    __use_two_region_memory                  0x00000539   Thumb Code     2  heapauxi.o(.text)
    __rt_heap_escrow$2region                 0x0000053b   Thumb Code     2  heapauxi.o(.text)
    __rt_heap_expand$2region                 0x0000053d   Thumb Code     2  heapauxi.o(.text)
    __user_setup_stackheap                   0x0000053f   Thumb Code    74  sys_stackheap_outer.o(.text)
    exit                                     0x00000589   Thumb Code    18  exit.o(.text)
    __user_libspace                          0x0000059d   Thumb Code     8  libspace.o(.text)
    __user_perproc_libspace                  0x0000059d   Thumb Code     0  libspace.o(.text)
    __user_perthread_libspace                0x0000059d   Thumb Code     0  libspace.o(.text)
    _sys_exit                                0x000005a5   Thumb Code     8  sys_exit.o(.text)
    __I$use$semihosting                      0x000005b1   Thumb Code     0  use_no_semi.o(.text)
    __use_no_semihosting_swi                 0x000005b1   Thumb Code     2  use_no_semi.o(.text)
    __semihosting_library_function           0x000005b3   Thumb Code     0  indicate_semi.o(.text)
    ADC0_IRQHandler                          0x000005b5   Thumb Code    10  camera_ftm.o(i.ADC0_IRQHandler)
    FTM2_IRQHandler                          0x000005c9   Thumb Code   202  camera_ftm.o(i.FTM2_IRQHandler)
    InitPWM                                  0x000006ad   Thumb Code   234  pwm.o(i.InitPWM)
    PDB0_IRQHandler                          0x000007ad   Thumb Code   270  isr.o(i.PDB0_IRQHandler)
    PIT0_IRQHandler                          0x000008ed   Thumb Code    46  camera_ftm.o(i.PIT0_IRQHandler)
    PORTC_IRQHandler                         0x0000092d   Thumb Code    90  isr.o(i.PORTC_IRQHandler)
    SetDutyCycle                             0x00000995   Thumb Code    72  pwm.o(i.SetDutyCycle)
    SetServoDutyCycle                        0x000009e9   Thumb Code    74  pwm.o(i.SetServoDutyCycle)
    SystemInit                               0x00000a49   Thumb Code   136  system_mk64f12.o(i.SystemInit)
    __hardfp_fabs                            0x00000b1d   Thumb Code    20  fabs.o(i.__hardfp_fabs)
    drivev2                                  0x00000b31   Thumb Code   966  main.o(i.drivev2)
    findEdge                                 0x00000f91   Thumb Code  2254  camera_ftm.o(i.findEdge)
    initGPIO                                 0x00001865   Thumb Code   246  isrinit.o(i.initGPIO)
    initISR                                  0x00001979   Thumb Code    20  isrinit.o(i.initISR)
    initInterrupts                           0x0000198d   Thumb Code    22  isrinit.o(i.initInterrupts)
    initPDB                                  0x000019a5   Thumb Code   100  isrinit.o(i.initPDB)
    init_ADC0                                0x00001a11   Thumb Code   140  camera_ftm.o(i.init_ADC0)
    init_FTM2                                0x00001aa5   Thumb Code   114  camera_ftm.o(i.init_FTM2)
    init_GPIO                                0x00001b21   Thumb Code   116  camera_ftm.o(i.init_GPIO)
    init_PIT                                 0x00001ba1   Thumb Code    88  camera_ftm.o(i.init_PIT)
    init_camera                              0x00001c09   Thumb Code    24  camera_ftm.o(i.init_camera)
    initialize                               0x00001c21   Thumb Code    20  main.o(i.initialize)
    main                                     0x00001c35   Thumb Code   104  main.o(i.main)
    uart_init                                0x00001cb9   Thumb Code   126  uart.o(i.uart_init)
    __aeabi_d2f                              0x00001d45   Thumb Code     0  d2f.o(x$fpl$d2f)
    _d2f                                     0x00001d45   Thumb Code    98  d2f.o(x$fpl$d2f)
    __aeabi_dadd                             0x00001da9   Thumb Code     0  daddsub_clz.o(x$fpl$dadd)
    _dadd                                    0x00001da9   Thumb Code   332  daddsub_clz.o(x$fpl$dadd)
    __fpl_dcmp_Inf                           0x00001ef9   Thumb Code    24  dcmpi.o(x$fpl$dcmpinf)
    __aeabi_ddiv                             0x00001f11   Thumb Code     0  ddiv.o(x$fpl$ddiv)
    _ddiv                                    0x00001f11   Thumb Code   552  ddiv.o(x$fpl$ddiv)
    __aeabi_d2uiz                            0x000021c1   Thumb Code     0  dfixu.o(x$fpl$dfixu)
    _dfixu                                   0x000021c1   Thumb Code    90  dfixu.o(x$fpl$dfixu)
    __aeabi_i2d                              0x0000221b   Thumb Code     0  dflt_clz.o(x$fpl$dflt)
    _dflt                                    0x0000221b   Thumb Code    46  dflt_clz.o(x$fpl$dflt)
    __aeabi_ui2d                             0x00002249   Thumb Code     0  dflt_clz.o(x$fpl$dfltu)
    _dfltu                                   0x00002249   Thumb Code    38  dflt_clz.o(x$fpl$dfltu)
    __aeabi_cdcmple                          0x00002271   Thumb Code     0  dleqf.o(x$fpl$dleqf)
    _dcmple                                  0x00002271   Thumb Code   120  dleqf.o(x$fpl$dleqf)
    __fpl_dcmple_InfNaN                      0x000022d3   Thumb Code     0  dleqf.o(x$fpl$dleqf)
    __aeabi_dmul                             0x000022e9   Thumb Code     0  dmul.o(x$fpl$dmul)
    _dmul                                    0x000022e9   Thumb Code   332  dmul.o(x$fpl$dmul)
    __fpl_dnaninf                            0x0000243d   Thumb Code   156  dnaninf.o(x$fpl$dnaninf)
    __fpl_dretinf                            0x000024d9   Thumb Code    12  dretinf.o(x$fpl$dretinf)
    __aeabi_cdrcmple                         0x000024e5   Thumb Code     0  drleqf.o(x$fpl$drleqf)
    _drcmple                                 0x000024e5   Thumb Code   108  drleqf.o(x$fpl$drleqf)
    __aeabi_dsub                             0x00002551   Thumb Code     0  daddsub_clz.o(x$fpl$dsub)
    _dsub                                    0x00002551   Thumb Code   464  daddsub_clz.o(x$fpl$dsub)
    __aeabi_f2d                              0x00002725   Thumb Code     0  f2d.o(x$fpl$f2d)
    _f2d                                     0x00002725   Thumb Code    86  f2d.o(x$fpl$f2d)
    __fpl_fnaninf                            0x0000277b   Thumb Code   140  fnaninf.o(x$fpl$fnaninf)
    _fp_init                                 0x00002807   Thumb Code    10  fpinit.o(x$fpl$fpinit)
    __fplib_config_fpu_vfp                   0x0000280f   Thumb Code     0  fpinit.o(x$fpl$fpinit)
    __fplib_config_pureend_doubles           0x0000280f   Thumb Code     0  fpinit.o(x$fpl$fpinit)
    __fpl_fretinf                            0x00002811   Thumb Code    10  fretinf.o(x$fpl$fretinf)
    __I$use$fp                               0x0000281a   Number         0  usenofp.o(x$fpl$usenofp)
    Region$$Table$$Base                      0x0000281c   Number         0  anon$$obj.o(Region$$Table)
    Region$$Table$$Limit                     0x0000283c   Number         0  anon$$obj.o(Region$$Table)
    pixcnt                                   0x20000000   Data           4  camera_ftm.o(.data)
    clkval                                   0x20000004   Data           4  camera_ftm.o(.data)
    debugcamdata                             0x20000008   Data           4  camera_ftm.o(.data)
    capcnt                                   0x2000000c   Data           4  camera_ftm.o(.data)
    ADC0VAL                                  0x20000010   Data           2  camera_ftm.o(.data)
    edgeList                                 0x20000014   Data           8  camera_ftm.o(.data)
    average                                  0x20000020   Data           8  camera_ftm.o(.data)
    timer                                    0x20000028   Data           4  isr.o(.data)
    timer2                                   0x2000002c   Data           4  isr.o(.data)
    timer_counter                            0x20000030   Data           4  isr.o(.data)
    switch2                                  0x20000034   Data           4  isr.o(.data)
    checkOff1                                0x20000038   Data           4  isr.o(.data)
    checkOff2                                0x2000003c   Data           4  isr.o(.data)
    checkOff3                                0x20000040   Data           4  isr.o(.data)
    wait                                     0x20000048   Data           4  main.o(.data)
    scan                                     0x2000004c   Data           4  main.o(.data)
    ready                                    0x20000050   Data           4  main.o(.data)
    run                                      0x20000054   Data           4  main.o(.data)
    stop                                     0x20000058   Data           4  main.o(.data)
    count                                    0x2000005c   Data           4  main.o(.data)
    status                                   0x20000060   Data           4  main.o(.data)
    centerLeft                               0x20000064   Data           4  main.o(.data)
    centerRight                              0x20000068   Data           4  main.o(.data)
    centerPos                                0x2000006c   Data           4  main.o(.data)
    error                                    0x20000078   Data           4  main.o(.data)
    kp                                       0x2000007c   Data           4  main.o(.data)
    ki                                       0x20000080   Data           4  main.o(.data)
    kd                                       0x20000084   Data           4  main.o(.data)
    left                                     0x20000088   Data           4  main.o(.data)
    right                                    0x2000008c   Data           4  main.o(.data)
    stright                                  0x20000090   Data           4  main.o(.data)
    speed                                    0x20000094   Data           4  main.o(.data)
    center_left_edge_index                   0x20000098   Data           4  main.o(.data)
    center_right_edge_index                  0x2000009c   Data           4  main.o(.data)
    new_left_edge_index                      0x200000a0   Data           4  main.o(.data)
    new_right_edge_index                     0x200000a4   Data           4  main.o(.data)
    right_edge_difference                    0x200000a8   Data           4  main.o(.data)
    left_edge_difference                     0x200000ac   Data           4  main.o(.data)
    center_range                             0x200000b0   Data           4  main.o(.data)
    new_center_difference                    0x200000b4   Data           4  main.o(.data)
    duty_difference                          0x200000b8   Data           8  main.o(.data)
    duty                                     0x200000c0   Data           8  main.o(.data)
    oldduty                                  0x200000c8   Data           8  main.o(.data)
    currentPos                               0x200000d0   Data           4  main.o(.data)
    mid                                      0x200000d8   Data           8  main.o(.data)
    servo                                    0x200000e0   Data           4  main.o(.data)
    oldServo                                 0x200000e4   Data           4  main.o(.data)
    middle_center                            0x200000e8   Data           4  main.o(.data)
    middlearray                              0x200000ec   Data          40  main.o(.data)
    i                                        0x20000114   Data           4  main.o(.data)
    checker                                  0x20000118   Data           4  main.o(.data)
    speedact                                 0x20000120   Data           8  main.o(.data)
    turn                                     0x20000128   Data           4  main.o(.data)
    alternate                                0x2000012c   Data           4  main.o(.data)
    turnleft                                 0x20000130   Data           4  main.o(.data)
    turnright                                0x20000134   Data           4  main.o(.data)
    wheel                                    0x20000138   Data           8  main.o(.data)
    line                                     0x20000140   Data         256  camera_ftm.o(.bss)
    smooth_data                              0x20000240   Data        1024  camera_ftm.o(.bss)
    derivative                               0x20000640   Data        1024  camera_ftm.o(.bss)
    __libspace_start                         0x20000a40   Data          96  libspace.o(.bss)
    __temporary_stack_top$libspace           0x20000aa0   Data           0  libspace.o(.bss)



==============================================================================

Memory Map of the image

  Image Entry point : 0x000004f3

  Load Region LR_1 (Base: 0x00000000, Size: 0x0000297c, Max: 0xffffffff, ABSOLUTE, COMPRESSED[0x0000286c])

    Execution Region ER_RO (Exec base: 0x00000000, Load base: 0x00000000, Size: 0x0000283c, Max: 0xffffffff, ABSOLUTE)

    Exec Addr    Load Addr    Size         Type   Attr      Idx    E Section Name        Object

    0x00000000   0x00000000   0x00000400   Data   RO          346    RESET               startup_mk64f12.o
    0x00000400   0x00000400   0x00000010   Code   RO          347    .ARM.__at_0x400     startup_mk64f12.o
    0x00000410   0x00000410   0x00000008   Code   RO          394  * !!!main             c_w.l(__main.o)
    0x00000418   0x00000418   0x00000034   Code   RO          600    !!!scatter          c_w.l(__scatter.o)
    0x0000044c   0x0000044c   0x0000005a   Code   RO          598    !!dczerorl2         c_w.l(__dczerorl2.o)
    0x000004a6   0x000004a6   0x00000002   PAD
    0x000004a8   0x000004a8   0x0000001c   Code   RO          602    !!handler_zi        c_w.l(__scatter_zi.o)
    0x000004c4   0x000004c4   0x00000002   Code   RO          468    .ARM.Collect$$libinit$$00000000  c_w.l(libinit.o)
    0x000004c6   0x000004c6   0x00000004   Code   RO          474    .ARM.Collect$$libinit$$00000001  c_w.l(libinit2.o)
    0x000004ca   0x000004ca   0x00000000   Code   RO          477    .ARM.Collect$$libinit$$00000004  c_w.l(libinit2.o)
    0x000004ca   0x000004ca   0x00000000   Code   RO          480    .ARM.Collect$$libinit$$0000000A  c_w.l(libinit2.o)
    0x000004ca   0x000004ca   0x00000000   Code   RO          482    .ARM.Collect$$libinit$$0000000C  c_w.l(libinit2.o)
    0x000004ca   0x000004ca   0x00000000   Code   RO          484    .ARM.Collect$$libinit$$0000000E  c_w.l(libinit2.o)
    0x000004ca   0x000004ca   0x00000000   Code   RO          487    .ARM.Collect$$libinit$$00000011  c_w.l(libinit2.o)
    0x000004ca   0x000004ca   0x00000000   Code   RO          489    .ARM.Collect$$libinit$$00000013  c_w.l(libinit2.o)
    0x000004ca   0x000004ca   0x00000000   Code   RO          491    .ARM.Collect$$libinit$$00000015  c_w.l(libinit2.o)
    0x000004ca   0x000004ca   0x00000000   Code   RO          493    .ARM.Collect$$libinit$$00000017  c_w.l(libinit2.o)
    0x000004ca   0x000004ca   0x00000000   Code   RO          495    .ARM.Collect$$libinit$$00000019  c_w.l(libinit2.o)
    0x000004ca   0x000004ca   0x00000000   Code   RO          497    .ARM.Collect$$libinit$$0000001B  c_w.l(libinit2.o)
    0x000004ca   0x000004ca   0x00000000   Code   RO          499    .ARM.Collect$$libinit$$0000001D  c_w.l(libinit2.o)
    0x000004ca   0x000004ca   0x00000000   Code   RO          501    .ARM.Collect$$libinit$$0000001F  c_w.l(libinit2.o)
    0x000004ca   0x000004ca   0x00000000   Code   RO          503    .ARM.Collect$$libinit$$00000021  c_w.l(libinit2.o)
    0x000004ca   0x000004ca   0x00000000   Code   RO          505    .ARM.Collect$$libinit$$00000023  c_w.l(libinit2.o)
    0x000004ca   0x000004ca   0x00000000   Code   RO          507    .ARM.Collect$$libinit$$00000025  c_w.l(libinit2.o)
    0x000004ca   0x000004ca   0x00000000   Code   RO          511    .ARM.Collect$$libinit$$0000002C  c_w.l(libinit2.o)
    0x000004ca   0x000004ca   0x00000000   Code   RO          513    .ARM.Collect$$libinit$$0000002E  c_w.l(libinit2.o)
    0x000004ca   0x000004ca   0x00000000   Code   RO          515    .ARM.Collect$$libinit$$00000030  c_w.l(libinit2.o)
    0x000004ca   0x000004ca   0x00000000   Code   RO          517    .ARM.Collect$$libinit$$00000032  c_w.l(libinit2.o)
    0x000004ca   0x000004ca   0x00000002   Code   RO          518    .ARM.Collect$$libinit$$00000033  c_w.l(libinit2.o)
    0x000004cc   0x000004cc   0x00000002   Code   RO          538    .ARM.Collect$$libshutdown$$00000000  c_w.l(libshutdown.o)
    0x000004ce   0x000004ce   0x00000000   Code   RO          551    .ARM.Collect$$libshutdown$$00000002  c_w.l(libshutdown2.o)
    0x000004ce   0x000004ce   0x00000000   Code   RO          553    .ARM.Collect$$libshutdown$$00000004  c_w.l(libshutdown2.o)
    0x000004ce   0x000004ce   0x00000000   Code   RO          556    .ARM.Collect$$libshutdown$$00000007  c_w.l(libshutdown2.o)
    0x000004ce   0x000004ce   0x00000000   Code   RO          559    .ARM.Collect$$libshutdown$$0000000A  c_w.l(libshutdown2.o)
    0x000004ce   0x000004ce   0x00000000   Code   RO          561    .ARM.Collect$$libshutdown$$0000000C  c_w.l(libshutdown2.o)
    0x000004ce   0x000004ce   0x00000000   Code   RO          564    .ARM.Collect$$libshutdown$$0000000F  c_w.l(libshutdown2.o)
    0x000004ce   0x000004ce   0x00000002   Code   RO          565    .ARM.Collect$$libshutdown$$00000010  c_w.l(libshutdown2.o)
    0x000004d0   0x000004d0   0x00000000   Code   RO          432    .ARM.Collect$$rtentry$$00000000  c_w.l(__rtentry.o)
    0x000004d0   0x000004d0   0x00000000   Code   RO          445    .ARM.Collect$$rtentry$$00000002  c_w.l(__rtentry2.o)
    0x000004d0   0x000004d0   0x00000006   Code   RO          457    .ARM.Collect$$rtentry$$00000004  c_w.l(__rtentry4.o)
    0x000004d6   0x000004d6   0x00000000   Code   RO          447    .ARM.Collect$$rtentry$$00000009  c_w.l(__rtentry2.o)
    0x000004d6   0x000004d6   0x00000004   Code   RO          448    .ARM.Collect$$rtentry$$0000000A  c_w.l(__rtentry2.o)
    0x000004da   0x000004da   0x00000000   Code   RO          450    .ARM.Collect$$rtentry$$0000000C  c_w.l(__rtentry2.o)
    0x000004da   0x000004da   0x00000008   Code   RO          451    .ARM.Collect$$rtentry$$0000000D  c_w.l(__rtentry2.o)
    0x000004e2   0x000004e2   0x00000002   Code   RO          472    .ARM.Collect$$rtexit$$00000000  c_w.l(rtexit.o)
    0x000004e4   0x000004e4   0x00000000   Code   RO          520    .ARM.Collect$$rtexit$$00000002  c_w.l(rtexit2.o)
    0x000004e4   0x000004e4   0x00000004   Code   RO          521    .ARM.Collect$$rtexit$$00000003  c_w.l(rtexit2.o)
    0x000004e8   0x000004e8   0x00000006   Code   RO          522    .ARM.Collect$$rtexit$$00000004  c_w.l(rtexit2.o)
    0x000004ee   0x000004ee   0x00000002   PAD
    0x000004f0   0x000004f0   0x00000048   Code   RO          348  * .text               startup_mk64f12.o
    0x00000538   0x00000538   0x00000006   Code   RO          392    .text               c_w.l(heapauxi.o)
    0x0000053e   0x0000053e   0x0000004a   Code   RO          459    .text               c_w.l(sys_stackheap_outer.o)
    0x00000588   0x00000588   0x00000012   Code   RO          461    .text               c_w.l(exit.o)
    0x0000059a   0x0000059a   0x00000002   PAD
    0x0000059c   0x0000059c   0x00000008   Code   RO          469    .text               c_w.l(libspace.o)
    0x000005a4   0x000005a4   0x0000000c   Code   RO          530    .text               c_w.l(sys_exit.o)
    0x000005b0   0x000005b0   0x00000002   Code   RO          541    .text               c_w.l(use_no_semi.o)
    0x000005b2   0x000005b2   0x00000000   Code   RO          543    .text               c_w.l(indicate_semi.o)
    0x000005b2   0x000005b2   0x00000002   PAD
    0x000005b4   0x000005b4   0x00000014   Code   RO            4    i.ADC0_IRQHandler   camera_ftm.o
    0x000005c8   0x000005c8   0x000000e4   Code   RO            5    i.FTM2_IRQHandler   camera_ftm.o
    0x000006ac   0x000006ac   0x00000100   Code   RO          164    i.InitPWM           pwm.o
    0x000007ac   0x000007ac   0x00000140   Code   RO          123    i.PDB0_IRQHandler   isr.o
    0x000008ec   0x000008ec   0x00000040   Code   RO            6    i.PIT0_IRQHandler   camera_ftm.o
    0x0000092c   0x0000092c   0x00000068   Code   RO          124    i.PORTC_IRQHandler  isr.o
    0x00000994   0x00000994   0x00000054   Code   RO          165    i.SetDutyCycle      pwm.o
    0x000009e8   0x000009e8   0x00000060   Code   RO          166    i.SetServoDutyCycle  pwm.o
    0x00000a48   0x00000a48   0x000000a0   Code   RO          358    i.SystemInit        system_mk64f12.o
    0x00000ae8   0x00000ae8   0x0000001a   Code   RO            7    i.__NVIC_EnableIRQ  camera_ftm.o
    0x00000b02   0x00000b02   0x0000001a   Code   RO          294    i.__NVIC_EnableIRQ  isrinit.o
    0x00000b1c   0x00000b1c   0x00000014   Code   RO          426    i.__hardfp_fabs     m_wm.l(fabs.o)
    0x00000b30   0x00000b30   0x00000460   Code   RO          247    i.drivev2           main.o
    0x00000f90   0x00000f90   0x000008d4   Code   RO            8    i.findEdge          camera_ftm.o
    0x00001864   0x00001864   0x00000114   Code   RO          296    i.initGPIO          isrinit.o
    0x00001978   0x00001978   0x00000014   Code   RO          297    i.initISR           isrinit.o
    0x0000198c   0x0000198c   0x00000016   Code   RO          298    i.initInterrupts    isrinit.o
    0x000019a2   0x000019a2   0x00000002   PAD
    0x000019a4   0x000019a4   0x0000006c   Code   RO          299    i.initPDB           isrinit.o
    0x00001a10   0x00001a10   0x00000094   Code   RO            9    i.init_ADC0         camera_ftm.o
    0x00001aa4   0x00001aa4   0x0000007c   Code   RO           10    i.init_FTM2         camera_ftm.o
    0x00001b20   0x00001b20   0x00000080   Code   RO           11    i.init_GPIO         camera_ftm.o
    0x00001ba0   0x00001ba0   0x00000068   Code   RO           12    i.init_PIT          camera_ftm.o
    0x00001c08   0x00001c08   0x00000018   Code   RO           13    i.init_camera       camera_ftm.o
    0x00001c20   0x00001c20   0x00000014   Code   RO          248    i.initialize        main.o
    0x00001c34   0x00001c34   0x00000084   Code   RO          249    i.main              main.o
    0x00001cb8   0x00001cb8   0x0000008c   Code   RO          206    i.uart_init         uart.o
    0x00001d44   0x00001d44   0x00000062   Code   RO          396    x$fpl$d2f           fz_wm.l(d2f.o)
    0x00001da6   0x00001da6   0x00000002   PAD
    0x00001da8   0x00001da8   0x00000150   Code   RO          398    x$fpl$dadd          fz_wm.l(daddsub_clz.o)
    0x00001ef8   0x00001ef8   0x00000018   Code   RO          433    x$fpl$dcmpinf       fz_wm.l(dcmpi.o)
    0x00001f10   0x00001f10   0x000002b0   Code   RO          405    x$fpl$ddiv          fz_wm.l(ddiv.o)
    0x000021c0   0x000021c0   0x0000005a   Code   RO          408    x$fpl$dfixu         fz_wm.l(dfixu.o)
    0x0000221a   0x0000221a   0x0000002e   Code   RO          413    x$fpl$dflt          fz_wm.l(dflt_clz.o)
    0x00002248   0x00002248   0x00000026   Code   RO          412    x$fpl$dfltu         fz_wm.l(dflt_clz.o)
    0x0000226e   0x0000226e   0x00000002   PAD
    0x00002270   0x00002270   0x00000078   Code   RO          418    x$fpl$dleqf         fz_wm.l(dleqf.o)
    0x000022e8   0x000022e8   0x00000154   Code   RO          420    x$fpl$dmul          fz_wm.l(dmul.o)
    0x0000243c   0x0000243c   0x0000009c   Code   RO          435    x$fpl$dnaninf       fz_wm.l(dnaninf.o)
    0x000024d8   0x000024d8   0x0000000c   Code   RO          437    x$fpl$dretinf       fz_wm.l(dretinf.o)
    0x000024e4   0x000024e4   0x0000006c   Code   RO          422    x$fpl$drleqf        fz_wm.l(drleqf.o)
    0x00002550   0x00002550   0x000001d4   Code   RO          400    x$fpl$dsub          fz_wm.l(daddsub_clz.o)
    0x00002724   0x00002724   0x00000056   Code   RO          424    x$fpl$f2d           fz_wm.l(f2d.o)
    0x0000277a   0x0000277a   0x0000008c   Code   RO          439    x$fpl$fnaninf       fz_wm.l(fnaninf.o)
    0x00002806   0x00002806   0x0000000a   Code   RO          528    x$fpl$fpinit        fz_wm.l(fpinit.o)
    0x00002810   0x00002810   0x0000000a   Code   RO          441    x$fpl$fretinf       fz_wm.l(fretinf.o)
    0x0000281a   0x0000281a   0x00000000   Code   RO          443    x$fpl$usenofp       fz_wm.l(usenofp.o)
    0x0000281a   0x0000281a   0x00000002   PAD
    0x0000281c   0x0000281c   0x00000020   Data   RO          596    Region$$Table       anon$$obj.o


    Execution Region ER_RW (Exec base: 0x20000000, Load base: 0x0000283c, Size: 0x00000140, Max: 0xffffffff, ABSOLUTE, COMPRESSED[0x00000030])

    Exec Addr    Load Addr    Size         Type   Attr      Idx    E Section Name        Object

    0x20000000   COMPRESSED   0x00000028   Data   RW           15    .data               camera_ftm.o
    0x20000028   COMPRESSED   0x0000001c   Data   RW          126    .data               isr.o
    0x20000044   COMPRESSED   0x00000004   PAD
    0x20000048   COMPRESSED   0x000000f8   Data   RW          251    .data               main.o


    Execution Region ER_ZI (Exec base: 0x20000140, Load base: 0x0000286c, Size: 0x00000d60, Max: 0xffffffff, ABSOLUTE)

    Exec Addr    Load Addr    Size         Type   Attr      Idx    E Section Name        Object

    0x20000140        -       0x00000900   Zero   RW           14    .bss                camera_ftm.o
    0x20000a40        -       0x00000060   Zero   RW          470    .bss                c_w.l(libspace.o)
    0x20000aa0        -       0x00000000   Zero   RW          345    HEAP                startup_mk64f12.o
    0x20000aa0        -       0x00000400   Zero   RW          344    STACK               startup_mk64f12.o


==============================================================================

Image component sizes


      Code (inc. data)   RO Data    RW Data    ZI Data      Debug   Object Name

      3126        194          0         40       2304     385086   camera_ftm.o
       424         64          0         28          0       1773   isr.o
       452         38          0          0          0       2260   isrinit.o
      1272        182          0        248          0       3801   main.o
       436         56          0          0          0       1681   pwm.o
        88         44       1024          0       1024       1092   startup_mk64f12.o
       160         24          0          0          0        541   system_mk64f12.o
       140         14          0          0          0        476   uart.o

    ----------------------------------------------------------------------
      6100        616       1056        320       3328     396710   Object Totals
         0          0         32          0          0          0   (incl. Generated)
         2          0          0          4          0          0   (incl. Padding)

    ----------------------------------------------------------------------

      Code (inc. data)   RO Data    RW Data    ZI Data      Debug   Library Member Name

        90          0          0          0          0          0   __dczerorl2.o
         8          0          0          0          0         68   __main.o
         0          0          0          0          0          0   __rtentry.o
        12          0          0          0          0          0   __rtentry2.o
         6          0          0          0          0          0   __rtentry4.o
        52          8          0          0          0          0   __scatter.o
        28          0          0          0          0          0   __scatter_zi.o
        18          0          0          0          0         80   exit.o
         6          0          0          0          0        152   heapauxi.o
         0          0          0          0          0          0   indicate_semi.o
         2          0          0          0          0          0   libinit.o
         6          0          0          0          0          0   libinit2.o
         2          0          0          0          0          0   libshutdown.o
         2          0          0          0          0          0   libshutdown2.o
         8          4          0          0         96         68   libspace.o
         2          0          0          0          0          0   rtexit.o
        10          0          0          0          0          0   rtexit2.o
        12          4          0          0          0         68   sys_exit.o
        74          0          0          0          0         80   sys_stackheap_outer.o
         2          0          0          0          0         68   use_no_semi.o
        98          4          0          0          0        140   d2f.o
       804         16          0          0          0        368   daddsub_clz.o
        24          0          0          0          0        116   dcmpi.o
       688        140          0          0          0        256   ddiv.o
        90          4          0          0          0        140   dfixu.o
        84          0          0          0          0        232   dflt_clz.o
       120          4          0          0          0        140   dleqf.o
       340         12          0          0          0        152   dmul.o
       156          4          0          0          0        140   dnaninf.o
        12          0          0          0          0        116   dretinf.o
       108          0          0          0          0        128   drleqf.o
        86          4          0          0          0        132   f2d.o
       140          4          0          0          0        132   fnaninf.o
        10          0          0          0          0        116   fpinit.o
        10          0          0          0          0        116   fretinf.o
         0          0          0          0          0          0   usenofp.o
        20          0          0          0          0        124   fabs.o

    ----------------------------------------------------------------------
      3144        208          0          0         96       3132   Library Totals
        14          0          0          0          0          0   (incl. Padding)

    ----------------------------------------------------------------------

      Code (inc. data)   RO Data    RW Data    ZI Data      Debug   Library Name

       340         16          0          0         96        584   c_w.l
      2770        192          0          0          0       2424   fz_wm.l
        20          0          0          0          0        124   m_wm.l

    ----------------------------------------------------------------------
      3144        208          0          0         96       3132   Library Totals

    ----------------------------------------------------------------------

==============================================================================


      Code (inc. data)   RO Data    RW Data    ZI Data      Debug   

      9244        824       1056        320       3424     395886   Grand Totals
      9244        824       1056         48       3424     395886   ELF Image Totals (compressed)
      9244        824       1056         48          0          0   ROM Totals

==============================================================================

    Total RO  Size (Code + RO Data)                10300 (  10.06kB)
    Total RW  Size (RW Data + ZI Data)              3744 (   3.66kB)
    Total ROM Size (Code + RO Data + RW Data)      10348 (  10.11kB)

==============================================================================

